
> traillink-backend@1.0.0 start
> node src/server.js

MongoDB Atlas connected
TrailLink API running on port 5001 (development)
[0mGET /api/health [32m200[0m 174.676 ms - 124[0m
[0mGET /api/health/ping [32m200[0m 40.446 ms - 72[0m
[0mGET /api/health/ping [32m200[0m 0.936 ms - 72[0m
[0mGET /api/health/ping [32m200[0m 0.402 ms - 72[0m
[0mGET /api/health/ping [32m200[0m 0.618 ms - 72[0m
[0mGET /api/health/ping [32m200[0m 0.394 ms - 72[0m
[0mGET /api/health/ping [32m200[0m 0.439 ms - 72[0m
[0mGET /api/health/ping [32m200[0m 0.384 ms - 72[0m
[0mGET /api/health/ping [32m200[0m 0.481 ms - 72[0m
[0mGET /api/health/ping [32m200[0m 1.135 ms - 72[0m
[0mGET /api/health/ping [32m200[0m 0.386 ms - 72[0m
[0mGET /api/health/ping [32m200[0m 0.509 ms - 72[0m
[0mGET /api/health/ping [32m200[0m 0.562 ms - 72[0m
[0mGET /api/health/ping [32m200[0m 0.495 ms - 72[0m
[0mGET /api/health/ping [32m200[0m 0.292 ms - 72[0m
[0mGET /api/health/ping [32m200[0m 0.303 ms - 72[0m
[0mGET /api/health/ping [32m200[0m 0.437 ms - 72[0m
[0mGET /api/health/ping [32m200[0m 0.950 ms - 72[0m
[0mGET /api/health/ping [32m200[0m 0.367 ms - 72[0m
[0mGET /api/health/ping [32m200[0m 0.437 ms - 72[0m
[0mGET /api/health/ping [32m200[0m 0.361 ms - 72[0m
[0mGET /api/health/ping [32m200[0m 0.322 ms - 72[0m
[0mGET /api/health/ping [32m200[0m 0.455 ms - 72[0m
[0mGET /api/health/ping [32m200[0m 0.310 ms - 72[0m
[0mGET /api/health/ping [32m200[0m 0.318 ms - 72[0m
[0mGET /api/health/ping [32m200[0m 0.382 ms - 72[0m
[0mGET /api/health/ping [32m200[0m 0.378 ms - 72[0m
[0mGET /api/health/ping [32m200[0m 0.234 ms - 72[0m
[0mGET /api/health/ping [32m200[0m 0.559 ms - 72[0m
[0mGET /api/health/ping [32m200[0m 0.286 ms - 72[0m
[0mGET /api/health/ping [32m200[0m 0.301 ms - 72[0m
[0mGET /api/health/ping [32m200[0m 0.263 ms - 72[0m
[0mGET /api/health/ping [32m200[0m 0.371 ms - 72[0m
[0mGET /api/health/ping [32m200[0m 0.296 ms - 72[0m
[0mGET /api/health/ping [32m200[0m 0.283 ms - 72[0m
[0mGET /api/health/ping [32m200[0m 0.239 ms - 72[0m
[0mGET /api/health/ping [32m200[0m 0.666 ms - 72[0m
[0mGET /api/health/ping [32m200[0m 0.281 ms - 72[0m
[0mGET /api/health/ping [32m200[0m 0.655 ms - 72[0m
[0mGET /api/health/ping [32m200[0m 0.303 ms - 72[0m
[0mGET /api/health/ping [32m200[0m 0.294 ms - 72[0m
[0mGET /api/health/ping [32m200[0m 0.341 ms - 72[0m
[0mGET /api/health/ping [32m200[0m 0.386 ms - 72[0m
[0mGET /api/health/ping [32m200[0m 0.281 ms - 72[0m
[0mGET /api/health/ping [32m200[0m 0.266 ms - 72[0m
[0mGET /api/health/ping [32m200[0m 0.279 ms - 72[0m
[0mGET /api/health/ping [32m200[0m 0.341 ms - 72[0m
[0mGET /api/health/ping [32m200[0m 0.268 ms - 72[0m
[0mGET /api/health/ping [32m200[0m 0.233 ms - 72[0m
[0mGET /api/health/ping [32m200[0m 0.263 ms - 72[0m
[0mGET /api/health/ping [32m200[0m 0.336 ms - 72[0m
[0mGET /api/health/ping [32m200[0m 0.240 ms - 72[0m
[0mGET /api/health/ping [32m200[0m 0.274 ms - 72[0m
[0mGET /api/health/ping [32m200[0m 0.185 ms - 72[0m
[0mGET /api/health/ping [32m200[0m 0.322 ms - 72[0m
[0mGET /api/health/ping [32m200[0m 0.357 ms - 72[0m
[0mGET /api/health/ping [32m200[0m 0.637 ms - 72[0m
[0mGET /api/health/ping [32m200[0m 0.268 ms - 72[0m
[0mGET /api/health/ping [32m200[0m 0.272 ms - 72[0m
[0mGET /api/health/ping [32m200[0m 0.179 ms - 72[0m
[0mGET /api/health/ping [32m200[0m 0.321 ms - 72[0m
[0mGET /api/health/ping [32m200[0m 0.261 ms - 72[0m
[0mGET /api/health/ping [32m200[0m 0.325 ms - 72[0m
[0mGET /api/health/ping [32m200[0m 0.285 ms - 72[0m
[0mGET /api/health/ping [32m200[0m 0.325 ms - 72[0m
[0mGET /api/health/ping [32m200[0m 0.283 ms - 72[0m
[0mGET /api/health/ping [32m200[0m 0.351 ms - 72[0m
[0mGET /api/health/ping [32m200[0m 0.275 ms - 72[0m
[0mGET /api/health/ping [32m200[0m 0.288 ms - 72[0m
[0mGET /api/health/ping [32m200[0m 0.267 ms - 72[0m
[0mGET /api/health/ping [32m200[0m 0.242 ms - 72[0m
[0mGET /api/health/ping [32m200[0m 0.297 ms - 72[0m
[0mGET /api/health/ping [32m200[0m 0.272 ms - 72[0m
[0mGET /api/health/ping [32m200[0m 0.383 ms - 72[0m
[0mGET /api/health/ping [32m200[0m 0.322 ms - 72[0m
[0mGET /api/health/ping [32m200[0m 0.279 ms - 72[0m
[0mGET /api/health/ping [32m200[0m 0.326 ms - 72[0m
[0mGET /api/health/ping [32m200[0m 0.270 ms - 72[0m
[0mGET /api/health/ping [32m200[0m 0.301 ms - 72[0m
[0mGET /api/health/ping [32m200[0m 0.241 ms - 72[0m
[0mPOST /api/identity/bootstrap [32m201[0m 1420.815 ms - 754[0m
[0mGET /api/health/ping [32m200[0m 0.272 ms - 72[0m
[0mGET /api/health/ping [32m200[0m 0.279 ms - 72[0m
[0mGET /api/health/ping [32m200[0m 0.299 ms - 72[0m
[0mGET /api/health/ping [32m200[0m 0.300 ms - 72[0m
[0mGET /api/health/ping [32m200[0m 0.374 ms - 72[0m
[0mPOST /api/identity/bootstrap [32m201[0m 1231.634 ms - 752[0m
[0mGET /api/health/ping [32m200[0m 0.236 ms - 72[0m
[0mGET /api/health/ping [32m200[0m 0.296 ms - 72[0m
[0mGET /api/health/ping [32m200[0m 0.294 ms - 72[0m
[0mGET /api/health/ping [32m200[0m 0.292 ms - 72[0m
[0mGET /api/health/ping [32m200[0m 0.261 ms - 72[0m
[0mGET /api/health/ping [32m200[0m 0.307 ms - 72[0m
[0mGET /api/health/ping [32m200[0m 0.253 ms - 72[0m
[0mGET /api/health/ping [32m200[0m 0.317 ms - 72[0m
[0mGET /api/health/ping [32m200[0m 0.291 ms - 72[0m
[0mGET /api/health/ping [32m200[0m 0.338 ms - 72[0m
[0mGET /api/health/ping [32m200[0m 0.265 ms - 72[0m
[0mGET /api/health/ping [32m200[0m 0.356 ms - 72[0m
[0mGET /api/health/ping [32m200[0m 0.271 ms - 72[0m
[0mGET /api/groups/my [32m200[0m 216.276 ms - 76[0m
[0mGET /api/health/ping [32m200[0m 0.343 ms - 72[0m
[0mGET /api/health/ping [32m200[0m 0.354 ms - 72[0m
[0mGET /api/health/ping [32m200[0m 0.345 ms - 72[0m
[0mGET /api/groups/my [32m200[0m 217.630 ms - 76[0m
[0mGET /api/health/ping [32m200[0m 0.258 ms - 72[0m
[0mGET /api/health/ping [32m200[0m 0.284 ms - 72[0m
[0mGET /api/health/ping [32m200[0m 1.022 ms - 72[0m
[0mGET /api/health/ping [32m200[0m 0.383 ms - 72[0m
[0mGET /api/health/ping [32m200[0m 0.284 ms - 72[0m
[0mGET /api/health/ping [32m200[0m 0.303 ms - 72[0m
[0mGET /api/health/ping [32m200[0m 0.293 ms - 72[0m
[0mGET /api/health/ping [32m200[0m 0.275 ms - 72[0m
[0mGET /api/health/ping [32m200[0m 0.312 ms - 72[0m
[0mGET /api/health/ping [32m200[0m 0.229 ms - 72[0m
[0mGET /api/health/ping [32m200[0m 0.285 ms - 72[0m
[0mGET /api/health/ping [32m200[0m 0.379 ms - 72[0m
[0mGET /api/health/ping [32m200[0m 0.246 ms - 72[0m
[0mGET /api/health/ping [32m200[0m 0.263 ms - 72[0m
[0mGET /api/health/ping [32m200[0m 0.266 ms - 72[0m
[0mGET /api/health/ping [32m200[0m 0.252 ms - 72[0m
[0mGET /api/health/ping [32m200[0m 0.303 ms - 72[0m
[0mGET /api/health/ping [32m200[0m 0.272 ms - 72[0m
[0mGET /api/health/ping [32m200[0m 0.361 ms - 72[0m
[0mGET /api/health/ping [32m200[0m 0.257 ms - 72[0m
[0mGET /api/health/ping [32m200[0m 0.282 ms - 72[0m
[0mGET /api/health/ping [32m200[0m 0.343 ms - 72[0m
[0mGET /api/health/ping [32m200[0m 0.259 ms - 72[0m
[0mGET /api/health/ping [32m200[0m 0.541 ms - 72[0m
[0mGET /api/health/ping [32m200[0m 0.319 ms - 72[0m
[0mGET /api/health/ping [32m200[0m 0.534 ms - 72[0m
[0mGET /api/health/ping [32m200[0m 0.248 ms - 72[0m
[0mGET /api/health/ping [32m200[0m 0.307 ms - 72[0m
[0mGET /api/health/ping [32m200[0m 0.261 ms - 72[0m
[0mGET /api/health/ping [32m200[0m 0.322 ms - 72[0m
[0mGET /api/health/ping [32m200[0m 0.314 ms - 72[0m
[0mGET /api/health/ping [32m200[0m 0.341 ms - 72[0m
[0mGET /api/health/ping [32m200[0m 0.302 ms - 72[0m
[0mGET /api/health/ping [32m200[0m 0.381 ms - 72[0m
[0mGET /api/health/ping [32m200[0m 0.276 ms - 72[0m
[0mGET /api/health/ping [32m200[0m 0.300 ms - 72[0m
[0mGET /api/health/ping [32m200[0m 0.302 ms - 72[0m
[0mGET /api/health/ping [32m200[0m 0.295 ms - 72[0m
[0mGET /api/health/ping [32m200[0m 0.302 ms - 72[0m
[0mGET /api/health/ping [32m200[0m 0.278 ms - 72[0m
[0mGET /api/health/ping [32m200[0m 0.237 ms - 72[0m
[0mGET /api/health/ping [32m200[0m 0.305 ms - 72[0m
[0mGET /api/health/ping [32m200[0m 0.232 ms - 72[0m
[0mGET /api/health/ping [32m200[0m 0.204 ms - 72[0m
[0mGET /api/health/ping [32m200[0m 0.327 ms - 72[0m
[0mGET /api/health/ping [32m200[0m 0.246 ms - 72[0m
[0mGET /api/health/ping [32m200[0m 0.273 ms - 72[0m
[0mGET /api/health/ping [32m200[0m 0.290 ms - 72[0m
[0mGET /api/health/ping [32m200[0m 0.262 ms - 72[0m
[0mGET /api/health/ping [32m200[0m 0.243 ms - 72[0m
[0mGET /api/groups/my [32m200[0m 212.707 ms - 76[0m
[0mGET /api/health/ping [32m200[0m 0.251 ms - 72[0m
[0mGET /api/health/ping [32m200[0m 0.274 ms - 72[0m
[0mGET /api/health/ping [32m200[0m 0.688 ms - 72[0m
[0mGET /api/health/ping [32m200[0m 0.302 ms - 72[0m
[0mGET /api/health/ping [32m200[0m 0.273 ms - 72[0m
[0mGET /api/health/ping [32m200[0m 0.296 ms - 72[0m
[0mGET /api/health/ping [32m200[0m 0.289 ms - 72[0m
[0mGET /api/health/ping [32m200[0m 0.285 ms - 72[0m
[0mGET /api/health/ping [32m200[0m 0.285 ms - 72[0m
[0mGET /api/health/ping [32m200[0m 0.304 ms - 72[0m
[0mGET /api/health/ping [32m200[0m 0.269 ms - 72[0m
[0mGET /api/health/ping [32m200[0m 0.255 ms - 72[0m
[0mGET /api/health/ping [32m200[0m 0.567 ms - 72[0m
[0mGET /api/health/ping [32m200[0m 0.277 ms - 72[0m
[0mGET /api/health/ping [32m200[0m 0.326 ms - 72[0m
[0mGET /api/health/ping [32m200[0m 0.295 ms - 72[0m
[0mGET /api/health/ping [32m200[0m 0.235 ms - 72[0m
[0mGET /api/health/ping [32m200[0m 0.247 ms - 72[0m
[0mGET /api/health/ping [32m200[0m 0.542 ms - 72[0m
[0mGET /api/health/ping [32m200[0m 0.329 ms - 72[0m
[0mGET /api/auth/me [32m200[0m 225.057 ms - 527[0m
[0mGET /api/groups/my [32m200[0m 213.640 ms - 76[0m
[0mGET /api/health/ping [32m200[0m 0.371 ms - 72[0m
[0mGET /api/health/ping [32m200[0m 0.301 ms - 72[0m
[0mGET /api/health/ping [32m200[0m 0.266 ms - 72[0m
[0mGET /api/health/ping [32m200[0m 0.637 ms - 72[0m
[0mGET /api/health/ping [32m200[0m 97.238 ms - 72[0m
[0mGET /api/health/ping [32m200[0m 0.281 ms - 72[0m
[0mGET /api/health/ping [32m200[0m 0.406 ms - 72[0m
[0mGET /api/health/ping [32m200[0m 0.496 ms - 72[0m
[0mGET /api/health/ping [32m200[0m 0.274 ms - 72[0m
[0mGET /api/health/ping [32m200[0m 0.336 ms - 72[0m
[0mGET /api/health/ping [32m200[0m 1.006 ms - 72[0m
[0mGET /api/health/ping [32m200[0m 1.094 ms - 72[0m
[0mGET /api/health/ping [32m200[0m 0.272 ms - 72[0m
[0mGET /api/health/ping [32m200[0m 0.310 ms - 72[0m
[0mGET /api/health/ping [32m200[0m 0.193 ms - 72[0m
[0mGET /api/auth/me [32m200[0m 228.495 ms - 527[0m
[0mGET /api/groups/my [32m200[0m 209.589 ms - 76[0m
[0mGET /api/health/ping [32m200[0m 0.355 ms - 72[0m
[0mGET /api/health/ping [32m200[0m 0.315 ms - 72[0m
[0mGET /api/health/ping [32m200[0m 0.405 ms - 72[0m
[0mGET /api/health/ping [32m200[0m 0.278 ms - 72[0m
[0mGET /api/health/ping [32m200[0m 0.307 ms - 72[0m
[0mGET /api/health/ping [32m200[0m 0.256 ms - 72[0m
[0mGET /api/health/ping [32m200[0m 0.289 ms - 72[0m
[0mGET /api/health/ping [32m200[0m 0.265 ms - 72[0m
[0mGET /api/health/ping [32m200[0m 0.324 ms - 72[0m
[0mGET /api/health/ping [32m200[0m 0.218 ms - 72[0m
[0mGET /api/health/ping [32m200[0m 0.301 ms - 72[0m
[0mGET /api/health/ping [32m200[0m 0.341 ms - 72[0m
[0mGET /api/health/ping [32m200[0m 0.257 ms - 72[0m
[0mGET /api/health/ping [32m200[0m 0.226 ms - 72[0m
[0mGET /api/health/ping [32m200[0m 0.309 ms - 72[0m
[0mGET /api/health/ping [32m200[0m 0.277 ms - 72[0m
[0mGET /api/health/ping [32m200[0m 0.241 ms - 72[0m
[0mGET /api/health/ping [32m200[0m 0.227 ms - 72[0m
[0mGET /api/health/ping [32m200[0m 0.361 ms - 72[0m
[0mGET /api/health/ping [32m200[0m 0.219 ms - 72[0m
[0mGET /api/groups/my [32m200[0m 228.145 ms - 76[0m
[0mGET /api/health/ping [32m200[0m 0.191 ms - 72[0m
[0mGET /api/health/ping [32m200[0m 0.394 ms - 72[0m
[0mGET /api/health/ping [32m200[0m 0.558 ms - 72[0m
[0mGET /api/health/ping [32m200[0m 0.269 ms - 72[0m
[0mGET /api/health/ping [32m200[0m 0.313 ms - 72[0m
[0mGET /api/health/ping [32m200[0m 0.316 ms - 72[0m
[0mGET /api/health/ping [32m200[0m 0.286 ms - 72[0m
[0mGET /api/health/ping [32m200[0m 0.294 ms - 72[0m
[0mGET /api/health/ping [32m200[0m 0.262 ms - 72[0m
[0mGET /api/health/ping [32m200[0m 0.222 ms - 72[0m
[0mGET /api/health/ping [32m200[0m 0.222 ms - 72[0m
[0mGET /api/health/ping [32m200[0m 0.271 ms - 72[0m
[0mGET /api/health/ping [32m200[0m 0.282 ms - 72[0m
[0mGET /api/health/ping [32m200[0m 0.216 ms - 72[0m
[0mGET /api/health/ping [32m200[0m 0.256 ms - 72[0m
[0mGET /api/health/ping [32m200[0m 0.178 ms - 72[0m
[0mGET /api/health/ping [32m200[0m 0.170 ms - 72[0m
[0mGET /api/health/ping [32m200[0m 0.269 ms - 72[0m
[0mGET /api/health/ping [32m200[0m 0.304 ms - 72[0m
[0mGET /api/health/ping [32m200[0m 0.281 ms - 72[0m
[0mGET /api/health/ping [32m200[0m 0.252 ms - 72[0m
[0mGET /api/health/ping [32m200[0m 0.274 ms - 72[0m
[0mGET /api/health/ping [32m200[0m 0.273 ms - 72[0m
[0mGET /api/health/ping [32m200[0m 0.263 ms - 72[0m
[0mGET /api/health/ping [32m200[0m 0.301 ms - 72[0m
[0mGET /api/health/ping [32m200[0m 1.297 ms - 72[0m
[0mGET /api/health/ping [32m200[0m 0.249 ms - 72[0m
[0mGET /api/health/ping [32m200[0m 0.207 ms - 72[0m
[0mGET /api/health/ping [32m200[0m 0.274 ms - 72[0m
[0mGET /api/health/ping [32m200[0m 0.241 ms - 72[0m
[0mGET /api/health/ping [32m200[0m 0.201 ms - 72[0m
[0mGET /api/health/ping [32m200[0m 0.208 ms - 72[0m
[0mGET /api/health/ping [32m200[0m 0.168 ms - 72[0m
[0mGET /api/health/ping [32m200[0m 0.188 ms - 72[0m
[0mGET /api/health/ping [32m200[0m 0.196 ms - 72[0m
[0mGET /api/health/ping [32m200[0m 0.228 ms - 72[0m
[0mGET /api/groups/my [32m200[0m 207.151 ms - 76[0m
[0mGET /api/health/ping [32m200[0m 0.233 ms - 72[0m
[0mGET /api/health/ping [32m200[0m 0.277 ms - 72[0m
[0mGET /api/health/ping [32m200[0m 0.343 ms - 72[0m
[0mGET /api/health/ping [32m200[0m 0.240 ms - 72[0m
[0mGET /api/health/ping [32m200[0m 0.529 ms - 72[0m
[0mGET /api/health/ping [32m200[0m 0.171 ms - 72[0m
[0mGET /api/health/ping [32m200[0m 0.261 ms - 72[0m
[0mGET /api/health/ping [32m200[0m 0.169 ms - 72[0m
[0mGET /api/health/ping [32m200[0m 0.185 ms - 72[0m
[0mGET /api/health/ping [32m200[0m 0.250 ms - 72[0m
[0mGET /api/health/ping [32m200[0m 0.208 ms - 72[0m
[0mGET /api/health/ping [32m200[0m 0.189 ms - 72[0m
[0mGET /api/health/ping [32m200[0m 0.196 ms - 72[0m
[0mGET /api/health/ping [32m200[0m 0.163 ms - 72[0m
[0mGET /api/health/ping [32m200[0m 0.302 ms - 72[0m
[0mGET /api/health/ping [32m200[0m 0.233 ms - 72[0m
[0mGET /api/health/ping [32m200[0m 0.433 ms - 72[0m
[0mGET /api/health/ping [32m200[0m 0.361 ms - 72[0m
[0mGET /api/health/ping [32m200[0m 0.202 ms - 72[0m
[0mGET /api/health/ping [32m200[0m 0.174 ms - 72[0m
[0mGET /api/health/ping [32m200[0m 0.245 ms - 72[0m
[0mGET /api/health/ping [32m200[0m 0.222 ms - 72[0m
[0mGET /api/health [32m200[0m 6.136 ms - 124[0m
[0mGET /api/health/ping [32m200[0m 0.322 ms - 72[0m
[0mGET /api/health/ping [32m200[0m 0.372 ms - 72[0m
[0mGET /api/health/ping [32m200[0m 0.344 ms - 72[0m
[0mGET /api/health/ping [32m200[0m 0.281 ms - 72[0m
[0mGET /api/health/ping [32m200[0m 0.525 ms - 72[0m
[0mGET /api/health/ping [32m200[0m 0.211 ms - 72[0m
[0mGET /api/health/ping [32m200[0m 0.218 ms - 72[0m
[0mGET /api/health/ping [32m200[0m 0.225 ms - 72[0m
[0mGET /api/health/ping [32m200[0m 0.308 ms - 72[0m
[0mGET /api/health/ping [32m200[0m 0.267 ms - 72[0m
[0mGET /api/health/ping [32m200[0m 0.252 ms - 72[0m
[0mGET /api/health/ping [32m200[0m 0.166 ms - 72[0m
[0mGET /api/health/ping [32m200[0m 0.361 ms - 72[0m
[0mGET /api/health/ping [32m200[0m 0.519 ms - 72[0m
[0mGET /api/health/ping [32m200[0m 0.591 ms - 72[0m
[0mGET /api/health/ping [32m200[0m 0.323 ms - 72[0m
[0mGET /api/health/ping [32m200[0m 0.410 ms - 72[0m
[0mGET /api/health/ping [32m200[0m 0.426 ms - 72[0m
[0mGET /api/health/ping [32m200[0m 0.737 ms - 72[0m
[0mGET /api/health/ping [32m200[0m 0.484 ms - 72[0m
[0mGET /api/health/ping [32m200[0m 0.418 ms - 72[0m
[0mGET /api/health/ping [32m200[0m 0.275 ms - 72[0m
[0mGET /api/health/ping [32m200[0m 0.537 ms - 72[0m
[0mGET /api/health/ping [32m200[0m 0.447 ms - 72[0m
[0mGET /api/health/ping [32m200[0m 0.340 ms - 72[0m
[0mGET /api/health/ping [32m200[0m 0.334 ms - 72[0m
[0mGET /api/health/ping [32m200[0m 0.204 ms - 72[0m
[0mGET /api/health/ping [32m200[0m 0.200 ms - 72[0m
[0mGET /api/health/ping [32m200[0m 0.235 ms - 72[0m
[0mGET /api/health/ping [32m200[0m 0.243 ms - 72[0m
[0mGET /api/health/ping [32m200[0m 0.261 ms - 72[0m
[0mGET /api/health/ping [32m200[0m 0.227 ms - 72[0m
[0mGET /api/health/ping [32m200[0m 0.468 ms - 72[0m
[0mGET /api/health/ping [32m200[0m 0.418 ms - 72[0m
[0mGET /api/health/ping [32m200[0m 0.398 ms - 72[0m
[0mGET /api/health/ping [32m200[0m 0.327 ms - 72[0m
[0mGET /api/health/ping [32m200[0m 0.397 ms - 72[0m
[0mGET /api/health/ping [32m200[0m 0.295 ms - 72[0m
[0mGET /api/health/ping [32m200[0m 0.302 ms - 72[0m
[0mGET /api/health/ping [32m200[0m 0.248 ms - 72[0m
[0mGET /api/health/ping [32m200[0m 0.239 ms - 72[0m
[0mGET /api/health/ping [32m200[0m 0.291 ms - 72[0m
[0mGET /api/health/ping [32m200[0m 0.240 ms - 72[0m
[0mGET /api/health/ping [32m200[0m 0.203 ms - 72[0m
[0mGET /api/health/ping [32m200[0m 0.367 ms - 72[0m
[0mGET /api/health/ping [32m200[0m 0.384 ms - 72[0m
[0mGET /api/health/ping [32m200[0m 0.503 ms - 72[0m
[0mGET /api/health/ping [32m200[0m 0.278 ms - 72[0m
[0mGET /api/health/ping [32m200[0m 0.397 ms - 72[0m
[0mGET /api/health/ping [32m200[0m 0.435 ms - 72[0m
[0mGET /api/health/ping [32m200[0m 0.343 ms - 72[0m
[0mGET /api/health/ping [32m200[0m 0.166 ms - 72[0m
[0mGET /api/health/ping [32m200[0m 0.223 ms - 72[0m
[0mGET /api/health/ping [32m200[0m 0.262 ms - 72[0m
[0mGET /api/health/ping [32m200[0m 0.360 ms - 72[0m
[0mGET /api/health/ping [32m200[0m 0.258 ms - 72[0m
[0mGET /api/health/ping [32m200[0m 0.242 ms - 72[0m
[0mGET /api/health/ping [32m200[0m 0.219 ms - 72[0m
[0mGET /api/health/ping [32m200[0m 0.347 ms - 72[0m
[0mGET /api/health/ping [32m200[0m 0.249 ms - 72[0m
[0mGET /api/health/ping [32m200[0m 0.233 ms - 72[0m
[0mGET /api/health/ping [32m200[0m 0.233 ms - 72[0m
[0mGET /api/health/ping [32m200[0m 0.279 ms - 72[0m
[0mGET /api/health/ping [32m200[0m 0.382 ms - 72[0m
[0mGET /api/health/ping [32m200[0m 0.182 ms - 72[0m
[0mGET /api/health/ping [32m200[0m 0.284 ms - 72[0m
[0mGET /api/health/ping [32m200[0m 0.249 ms - 72[0m
[0mGET /api/health/ping [32m200[0m 0.194 ms - 72[0m
[0mGET /api/health/ping [32m200[0m 0.182 ms - 72[0m
[0mGET /api/health/ping [32m200[0m 0.164 ms - 72[0m
[0mGET /api/health/ping [32m200[0m 1.419 ms - 72[0m
[0mGET /api/health/ping [32m200[0m 0.368 ms - 72[0m
[0mGET /api/health/ping [32m200[0m 0.320 ms - 72[0m
[0mGET /api/health/ping [32m200[0m 0.291 ms - 72[0m
[0mGET /api/health/ping [32m200[0m 0.223 ms - 72[0m
[0mGET /api/health/ping [32m200[0m 0.180 ms - 72[0m
[0mGET /api/health/ping [32m200[0m 0.175 ms - 72[0m
[0mGET /api/health/ping [32m200[0m 0.180 ms - 72[0m
[0mGET /api/health/ping [32m200[0m 0.181 ms - 72[0m
[0mGET /api/health/ping [32m200[0m 0.242 ms - 72[0m
[0mGET /api/health/ping [32m200[0m 0.255 ms - 72[0m
[0mGET /api/health/ping [32m200[0m 0.212 ms - 72[0m
[0mGET /api/health/ping [32m200[0m 0.181 ms - 72[0m
[0mGET /api/health/ping [32m200[0m 0.155 ms - 72[0m
[0mGET /api/health/ping [32m200[0m 0.296 ms - 72[0m
[0mGET /api/health/ping [32m200[0m 0.227 ms - 72[0m
[0mGET /api/health/ping [32m200[0m 0.336 ms - 72[0m
[0mGET /api/health/ping [32m200[0m 0.216 ms - 72[0m
[0mGET /api/health/ping [32m200[0m 0.225 ms - 72[0m
[0mGET /api/health/ping [32m200[0m 0.215 ms - 72[0m
[0mGET /api/health/ping [32m200[0m 0.236 ms - 72[0m
[0mGET /api/health/ping [32m200[0m 0.260 ms - 72[0m
[0mGET /api/health/ping [32m200[0m 0.335 ms - 72[0m
[0mGET /api/health/ping [32m200[0m 0.250 ms - 72[0m
[0mGET /api/health/ping [32m200[0m 0.232 ms - 72[0m
[0mGET /api/health/ping [32m200[0m 0.173 ms - 72[0m
[0mGET /api/health/ping [32m200[0m 0.355 ms - 72[0m
[0mGET /api/health/ping [32m200[0m 0.335 ms - 72[0m
[0mGET /api/health/ping [32m200[0m 0.180 ms - 72[0m
[0mGET /api/health/ping [32m200[0m 0.205 ms - 72[0m
[0mGET /api/health/ping [32m200[0m 0.220 ms - 72[0m
[0mGET /api/health/ping [32m200[0m 0.225 ms - 72[0m
[0mGET /api/health/ping [32m200[0m 0.289 ms - 72[0m
[0mGET /api/health/ping [32m200[0m 0.465 ms - 72[0m
[0mGET /api/health/ping [32m200[0m 0.394 ms - 72[0m
[0mGET /api/health/ping [32m200[0m 0.399 ms - 72[0m
[0mGET /api/health/ping [32m200[0m 0.786 ms - 72[0m
[0mGET /api/health/ping [32m200[0m 0.266 ms - 72[0m
[0mGET /api/health/ping [32m200[0m 0.257 ms - 72[0m
[0mGET /api/health/ping [32m200[0m 0.436 ms - 72[0m
[0mGET /api/health/ping [32m200[0m 0.353 ms - 72[0m
[0mGET /api/health/ping [32m200[0m 0.289 ms - 72[0m
[0mGET /api/health/ping [32m200[0m 0.289 ms - 72[0m
[0mGET /api/health/ping [32m200[0m 0.898 ms - 72[0m
[0mGET /api/health/ping [32m200[0m 0.309 ms - 72[0m
[0mGET /api/health/ping [32m200[0m 0.271 ms - 72[0m
[0mGET /api/health/ping [32m200[0m 0.674 ms - 72[0m
[0mGET /api/health/ping [32m200[0m 1.603 ms - 72[0m
[0mGET /api/health/ping [32m200[0m 1.798 ms - 72[0m
[0mGET /api/health/ping [32m200[0m 1.055 ms - 72[0m
[0mGET /api/health/ping [32m200[0m 0.936 ms - 72[0m
[0mGET /api/health/ping [32m200[0m 0.277 ms - 72[0m
[0mGET /api/health/ping [32m200[0m 0.308 ms - 72[0m
[0mGET /api/health/ping [32m200[0m 0.374 ms - 72[0m
[0mGET /api/health/ping [32m200[0m 0.383 ms - 72[0m
[0mGET /api/health/ping [32m200[0m 0.288 ms - 72[0m
[0mGET /api/health/ping [32m200[0m 0.545 ms - 72[0m
[0mGET /api/health/ping [32m200[0m 0.236 ms - 72[0m
[0mGET /api/health/ping [32m200[0m 0.403 ms - 72[0m
[0mGET /api/health/ping [32m200[0m 0.299 ms - 72[0m
[0mGET /api/health/ping [32m200[0m 0.468 ms - 72[0m
[0mGET /api/health/ping [32m200[0m 0.301 ms - 72[0m
[0mGET /api/health/ping [32m200[0m 0.362 ms - 72[0m
[0mGET /api/health/ping [32m200[0m 0.735 ms - 72[0m
[0mGET /api/health/ping [32m200[0m 0.740 ms - 72[0m
[0mGET /api/health/ping [32m200[0m 0.592 ms - 72[0m
[0mGET /api/health/ping [32m200[0m 0.191 ms - 72[0m
[0mGET /api/health/ping [32m200[0m 0.271 ms - 72[0m
[0mGET /api/health/ping [32m200[0m 1.503 ms - 72[0m
[0mGET /api/health/ping [32m200[0m 0.274 ms - 72[0m
[0mGET /api/health/ping [32m200[0m 0.297 ms - 72[0m
[0mGET /api/health/ping [32m200[0m 0.236 ms - 72[0m
[0mGET /api/health/ping [32m200[0m 0.567 ms - 72[0m
[0mGET /api/health/ping [32m200[0m 0.279 ms - 72[0m
[0mGET /api/health/ping [32m200[0m 0.333 ms - 72[0m
[0mGET /api/health/ping [32m200[0m 0.175 ms - 72[0m
[0mGET /api/health/ping [32m200[0m 0.343 ms - 72[0m
[0mGET /api/health/ping [32m200[0m 0.291 ms - 72[0m
[0mGET /api/health/ping [32m200[0m 0.385 ms - 72[0m
[0mGET /api/health/ping [32m200[0m 0.337 ms - 72[0m
[0mGET /api/health/ping [32m200[0m 0.236 ms - 72[0m
[0mGET /api/health/ping [32m200[0m 0.278 ms - 72[0m
[0mGET /api/health/ping [32m200[0m 0.203 ms - 72[0m
[0mGET /api/health/ping [32m200[0m 0.201 ms - 72[0m
[0mGET /api/health/ping [32m200[0m 0.303 ms - 72[0m
[0mGET /api/health/ping [32m200[0m 0.206 ms - 72[0m
[0mGET /api/health/ping [32m200[0m 40.902 ms - 72[0m
[0mGET /api/health/ping [32m200[0m 0.438 ms - 72[0m
[0mGET /api/health/ping [32m200[0m 0.194 ms - 72[0m
[0mGET /api/health/ping [32m200[0m 0.198 ms - 72[0m
[0mGET /api/health/ping [32m200[0m 0.203 ms - 72[0m
[0mGET /api/health/ping [32m200[0m 0.207 ms - 72[0m
[0mGET /api/health/ping [32m200[0m 0.205 ms - 72[0m
[0mGET /api/health/ping [32m200[0m 0.165 ms - 72[0m
[0mGET /api/health/ping [32m200[0m 0.364 ms - 72[0m
[0mGET /api/health/ping [32m200[0m 0.440 ms - 72[0m
[0mGET /api/health/ping [32m200[0m 0.248 ms - 72[0m
[0mGET /api/health/ping [32m200[0m 0.306 ms - 72[0m
[0mGET /api/health/ping [32m200[0m 0.181 ms - 72[0m
[0mGET /api/health/ping [32m200[0m 0.309 ms - 72[0m
[0mGET /api/health/ping [32m200[0m 0.374 ms - 72[0m
[0mGET /api/health/ping [32m200[0m 0.284 ms - 72[0m
[0mGET /api/health/ping [32m200[0m 0.258 ms - 72[0m
[0mGET /api/health/ping [32m200[0m 0.286 ms - 72[0m
[0mGET /api/health/ping [32m200[0m 0.574 ms - 72[0m
[0mGET /api/health/ping [32m200[0m 0.341 ms - 72[0m
[0mGET /api/health/ping [32m200[0m 0.389 ms - 72[0m
[0mGET /api/health/ping [32m200[0m 0.310 ms - 72[0m
[0mGET /api/health/ping [32m200[0m 0.460 ms - 72[0m
[0mGET /api/health/ping [32m200[0m 0.330 ms - 72[0m
[0mGET /api/health/ping [32m200[0m 0.232 ms - 72[0m
[0mGET /api/health/ping [32m200[0m 0.272 ms - 72[0m
[0mGET /api/health/ping [32m200[0m 0.317 ms - 72[0m
[0mGET /api/health/ping [32m200[0m 0.312 ms - 72[0m
[0mGET /api/health/ping [32m200[0m 0.454 ms - 72[0m
[0mGET /api/health/ping [32m200[0m 0.392 ms - 72[0m
[0mGET /api/health/ping [32m200[0m 0.456 ms - 72[0m
[0mGET /api/health/ping [32m200[0m 0.485 ms - 72[0m
[0mGET /api/health/ping [32m200[0m 0.388 ms - 72[0m
[0mGET /api/health/ping [32m200[0m 0.422 ms - 72[0m
[0mGET /api/health/ping [32m200[0m 0.320 ms - 72[0m
[0mGET /api/health/ping [32m200[0m 0.256 ms - 72[0m
[0mGET /api/health/ping [32m200[0m 0.431 ms - 72[0m
[0mGET /api/health/ping [32m200[0m 0.412 ms - 72[0m
[0mGET /api/health/ping [32m200[0m 0.361 ms - 72[0m
[0mGET /api/health/ping [32m200[0m 0.358 ms - 72[0m
[0mGET /api/health/ping [32m200[0m 0.426 ms - 72[0m
[0mGET /api/health/ping [32m200[0m 0.205 ms - 72[0m
[0mGET /api/health/ping [32m200[0m 0.305 ms - 72[0m
[0mGET /api/health/ping [32m200[0m 0.540 ms - 72[0m
[0mGET /api/health/ping [32m200[0m 0.242 ms - 72[0m
[0mGET /api/health/ping [32m200[0m 0.188 ms - 72[0m
[0mGET /api/health/ping [32m200[0m 0.288 ms - 72[0m
[0mGET /api/health/ping [32m200[0m 0.252 ms - 72[0m
[0mGET /api/health/ping [32m200[0m 0.302 ms - 72[0m
[0mGET /api/health/ping [32m200[0m 0.268 ms - 72[0m
[0mGET /api/health [32m200[0m 5.078 ms - 124[0m
[0mGET /api/health/ping [32m200[0m 0.297 ms - 72[0m
[0mGET /api/health/ping [32m200[0m 0.268 ms - 72[0m
[0mGET /api/health/ping [32m200[0m 0.250 ms - 72[0m
[0mGET /api/health/ping [32m200[0m 0.305 ms - 72[0m
[0mGET /api/health/ping [32m200[0m 0.266 ms - 72[0m
[0mGET /api/health/ping [32m200[0m 0.308 ms - 72[0m
[0mGET /api/health/ping [32m200[0m 0.256 ms - 72[0m
[0mGET /api/health/ping [32m200[0m 0.358 ms - 72[0m
[0mGET /api/health/ping [32m200[0m 0.261 ms - 72[0m
[0mGET /api/health/ping [32m200[0m 0.447 ms - 72[0m
[0mGET /api/health/ping [32m200[0m 0.273 ms - 72[0m
[0mGET /api/health/ping [32m200[0m 0.781 ms - 72[0m
[0mGET /api/health/ping [32m200[0m 0.290 ms - 72[0m
[0mGET /api/health/ping [32m200[0m 0.220 ms - 72[0m
[0mGET /api/health/ping [32m200[0m 0.287 ms - 72[0m
[0mGET /api/health/ping [32m200[0m 0.256 ms - 72[0m
[0mGET /api/health/ping [32m200[0m 0.310 ms - 72[0m
[0mGET /api/health/ping [32m200[0m 0.262 ms - 72[0m
[0mGET /api/health/ping [32m200[0m 0.285 ms - 72[0m
[0mGET /api/health/ping [32m200[0m 0.418 ms - 72[0m
[0mGET /api/health/ping [32m200[0m 0.322 ms - 72[0m
[0mGET /api/health/ping [32m200[0m 0.242 ms - 72[0m
[0mGET /api/health/ping [32m200[0m 0.189 ms - 72[0m
[0mGET /api/health/ping [32m200[0m 0.327 ms - 72[0m
[0mGET /api/health/ping [32m200[0m 0.811 ms - 72[0m
[0mGET /api/health/ping [32m200[0m 0.854 ms - 72[0m
[0mGET /api/health/ping [32m200[0m 0.599 ms - 72[0m
[0mGET /api/health/ping [32m200[0m 4.259 ms - 72[0m
[0mGET /api/health/ping [32m200[0m 0.157 ms - 72[0m
[0mGET /api/health/ping [32m200[0m 0.221 ms - 72[0m
[0mGET /api/health/ping [32m200[0m 0.192 ms - 72[0m
[0mGET /api/health/ping [32m200[0m 0.230 ms - 72[0m
[0mGET /api/health/ping [32m200[0m 0.197 ms - 72[0m
[0mGET /api/health/ping [32m200[0m 0.266 ms - 72[0m
[0mGET /api/health/ping [32m200[0m 0.218 ms - 72[0m
[0mGET /api/health/ping [32m200[0m 0.206 ms - 72[0m
[0mGET /api/health/ping [32m200[0m 0.344 ms - 72[0m
[0mGET /api/health/ping [32m200[0m 0.223 ms - 72[0m
[0mGET /api/health/ping [32m200[0m 0.279 ms - 72[0m
[0mGET /api/health/ping [32m200[0m 0.397 ms - 72[0m
[0mGET /api/health/ping [32m200[0m 0.194 ms - 72[0m
[0mGET /api/health/ping [32m200[0m 0.464 ms - 72[0m
[0mGET /api/health/ping [32m200[0m 0.269 ms - 72[0m
[0mGET /api/health/ping [32m200[0m 0.169 ms - 72[0m
[0mGET /api/health/ping [32m200[0m 0.282 ms - 72[0m
[0mGET /api/health/ping [32m200[0m 0.242 ms - 72[0m
[0mGET /api/health/ping [32m200[0m 0.195 ms - 72[0m
[0mGET /api/health/ping [32m200[0m 0.193 ms - 72[0m
[0mGET /api/health/ping [32m200[0m 0.221 ms - 72[0m
[0mGET /api/health/ping [32m200[0m 0.156 ms - 72[0m
[0mGET /api/health/ping [32m200[0m 0.219 ms - 72[0m
[0mGET /api/health/ping [32m200[0m 0.170 ms - 72[0m
[0mGET /api/health/ping [32m200[0m 0.214 ms - 72[0m
[0mGET /api/health/ping [32m200[0m 0.193 ms - 72[0m
[0mGET /api/health/ping [32m200[0m 0.296 ms - 72[0m
[0mGET /api/health/ping [32m200[0m 0.228 ms - 72[0m
[0mGET /api/health/ping [32m200[0m 0.315 ms - 72[0m
[0mGET /api/health/ping [32m200[0m 0.242 ms - 72[0m
[0mGET /api/health/ping [32m200[0m 0.185 ms - 72[0m
[0mGET /api/health/ping [32m200[0m 0.281 ms - 72[0m
[0mGET /api/health/ping [32m200[0m 0.257 ms - 72[0m
[0mGET /api/health/ping [32m200[0m 0.446 ms - 72[0m
[0mGET /api/health/ping [32m200[0m 0.572 ms - 72[0m
[0mGET /api/health/ping [32m200[0m 0.303 ms - 72[0m
[0mGET /api/health/ping [32m200[0m 0.246 ms - 72[0m
[0mGET /api/health/ping [32m200[0m 0.315 ms - 72[0m
[0mGET /api/health/ping [32m200[0m 0.240 ms - 72[0m
[0mGET /api/health/ping [32m200[0m 0.256 ms - 72[0m
[0mGET /api/health/ping [32m200[0m 0.301 ms - 72[0m
[0mGET /api/health/ping [32m200[0m 0.405 ms - 72[0m
[0mGET /api/health/ping [32m200[0m 0.377 ms - 72[0m
[0mGET /api/health/ping [32m200[0m 0.265 ms - 72[0m
[0mGET /api/health/ping [32m200[0m 0.292 ms - 72[0m
[0mGET /api/health/ping [32m200[0m 0.287 ms - 72[0m
[0mGET /api/health/ping [32m200[0m 0.237 ms - 72[0m
[0mGET /api/health/ping [32m200[0m 0.409 ms - 72[0m
[0mGET /api/health/ping [32m200[0m 0.311 ms - 72[0m
[0mGET /api/health/ping [32m200[0m 0.273 ms - 72[0m
[0mGET /api/health/ping [32m200[0m 0.229 ms - 72[0m
[0mGET /api/health/ping [32m200[0m 0.213 ms - 72[0m
[0mGET /api/health/ping [32m200[0m 0.186 ms - 72[0m
[0mGET /api/health/ping [32m200[0m 0.255 ms - 72[0m
[0mGET /api/health/ping [32m200[0m 1.366 ms - 72[0m
[0mGET /api/health/ping [32m200[0m 2.402 ms - 72[0m
[0mGET /api/health/ping [32m200[0m 0.237 ms - 72[0m
[0mGET /api/health/ping [32m200[0m 0.161 ms - 72[0m
[0mGET /api/health/ping [32m200[0m 0.200 ms - 72[0m
[0mGET /api/health/ping [32m200[0m 0.247 ms - 72[0m
[0mGET /api/health/ping [32m200[0m 0.164 ms - 72[0m
[0mGET /api/health/ping [32m200[0m 0.299 ms - 72[0m
[0mGET /api/health/ping [32m200[0m 0.264 ms - 72[0m
[0mGET /api/health/ping [32m200[0m 0.216 ms - 72[0m
[0mGET /api/health/ping [32m200[0m 0.174 ms - 72[0m
[0mGET /api/health/ping [32m200[0m 0.180 ms - 72[0m
[0mGET /api/health/ping [32m200[0m 0.179 ms - 72[0m
[0mGET /api/health/ping [32m200[0m 0.262 ms - 72[0m
[0mGET /api/health/ping [32m200[0m 0.258 ms - 72[0m
[0mGET /api/health/ping [32m200[0m 0.272 ms - 72[0m
[0mGET /api/health/ping [32m200[0m 0.237 ms - 72[0m
[0mGET /api/health/ping [32m200[0m 0.231 ms - 72[0m
[0mGET /api/health/ping [32m200[0m 0.195 ms - 72[0m
[0mGET /api/health/ping [32m200[0m 0.185 ms - 72[0m
[0mGET /api/health/ping [32m200[0m 1.896 ms - 72[0m
[0mGET /api/health/ping [32m200[0m 0.914 ms - 72[0m
[0mGET /api/health/ping [32m200[0m 0.183 ms - 72[0m
[0mGET /api/health/ping [32m200[0m 0.652 ms - 72[0m
[0mGET /api/health/ping [32m200[0m 0.253 ms - 72[0m
[0mGET /api/health/ping [32m200[0m 0.277 ms - 72[0m
[0mGET /api/health/ping [32m200[0m 0.183 ms - 72[0m
[0mGET /api/health/ping [32m200[0m 0.309 ms - 72[0m
[0mGET /api/health/ping [32m200[0m 0.205 ms - 72[0m
[0mGET /api/health/ping [32m200[0m 0.276 ms - 72[0m
[0mGET /api/health/ping [32m200[0m 0.185 ms - 72[0m
[0mGET /api/health/ping [32m200[0m 0.314 ms - 72[0m
[0mGET /api/health/ping [32m200[0m 0.808 ms - 72[0m
[0mGET /api/health/ping [32m200[0m 0.229 ms - 72[0m
[0mGET /api/health/ping [32m200[0m 0.218 ms - 72[0m
[0mGET /api/health/ping [32m200[0m 0.282 ms - 72[0m
[0mGET /api/health/ping [32m200[0m 0.267 ms - 72[0m
[0mGET /api/health/ping [32m200[0m 0.212 ms - 72[0m
[0mGET /api/health/ping [32m200[0m 0.213 ms - 72[0m
[0mGET /api/health/ping [32m200[0m 0.254 ms - 72[0m
[0mGET /api/health/ping [32m200[0m 0.386 ms - 72[0m
[0mGET /api/health/ping [32m200[0m 0.196 ms - 72[0m
[0mGET /api/health/ping [32m200[0m 0.209 ms - 72[0m
[0mGET /api/health/ping [32m200[0m 0.209 ms - 72[0m
[0mGET /api/health/ping [32m200[0m 0.204 ms - 72[0m
[0mGET /api/health/ping [32m200[0m 0.221 ms - 72[0m
[0mGET /api/health/ping [32m200[0m 0.464 ms - 72[0m
[0mGET /api/health/ping [32m200[0m 0.169 ms - 72[0m
[0mGET /api/health/ping [32m200[0m 0.178 ms - 72[0m
[0mGET /api/health/ping [32m200[0m 0.255 ms - 72[0m
[0mGET /api/health/ping [32m200[0m 0.417 ms - 72[0m
[0mGET /api/health/ping [32m200[0m 0.219 ms - 72[0m
[0mGET /api/health/ping [32m200[0m 0.257 ms - 72[0m
[0mGET /api/health/ping [32m200[0m 0.203 ms - 72[0m
[0mGET /api/health/ping [32m200[0m 0.233 ms - 72[0m
[0mGET /api/health/ping [32m200[0m 0.193 ms - 72[0m
[0mGET /api/health/ping [32m200[0m 0.255 ms - 72[0m
[0mGET /api/health/ping [32m200[0m 0.401 ms - 72[0m
[0mGET /api/health/ping [32m200[0m 0.161 ms - 72[0m
[0mGET /api/health/ping [32m200[0m 0.210 ms - 72[0m
[0mGET /api/health/ping [32m200[0m 0.222 ms - 72[0m
[0mGET /api/health/ping [32m200[0m 0.228 ms - 72[0m
[0mGET /api/health/ping [32m200[0m 0.880 ms - 72[0m
[0mGET /api/health/ping [32m200[0m 0.205 ms - 72[0m
[0mGET /api/health/ping [32m200[0m 0.326 ms - 72[0m
[0mGET /api/health/ping [32m200[0m 0.274 ms - 72[0m
[0mGET /api/health/ping [32m200[0m 0.432 ms - 72[0m
[0mGET /api/health/ping [32m200[0m 0.304 ms - 72[0m
[0mGET /api/health/ping [32m200[0m 0.239 ms - 72[0m
[0mGET /api/health/ping [32m200[0m 0.279 ms - 72[0m
[0mGET /api/health/ping [32m200[0m 0.227 ms - 72[0m
[0mGET /api/health/ping [32m200[0m 0.315 ms - 72[0m
[0mGET /api/health/ping [32m200[0m 0.204 ms - 72[0m
[0mGET /api/health/ping [32m200[0m 0.236 ms - 72[0m
[0mGET /api/health/ping [32m200[0m 0.274 ms - 72[0m
[0mGET /api/health/ping [32m200[0m 0.274 ms - 72[0m
[0mGET /api/health/ping [32m200[0m 0.213 ms - 72[0m
[0mGET /api/health/ping [32m200[0m 0.262 ms - 72[0m
[0mGET /api/health/ping [32m200[0m 0.501 ms - 72[0m
[0mGET /api/health/ping [32m200[0m 0.892 ms - 72[0m
[0mGET /api/health/ping [32m200[0m 0.393 ms - 72[0m
[0mGET /api/health/ping [32m200[0m 0.219 ms - 72[0m
[0mGET /api/health/ping [32m200[0m 0.531 ms - 72[0m
[0mGET /api/health/ping [32m200[0m 0.242 ms - 72[0m
[0mGET /api/health/ping [32m200[0m 0.167 ms - 72[0m
[0mGET /api/health/ping [32m200[0m 0.581 ms - 72[0m
[0mGET /api/health/ping [32m200[0m 0.141 ms - 72[0m
[0mGET /api/health/ping [32m200[0m 0.336 ms - 72[0m
[0mGET /api/health/ping [32m200[0m 0.185 ms - 72[0m
[0mGET /api/health/ping [32m200[0m 0.285 ms - 72[0m
[0mGET /api/health/ping [32m200[0m 0.246 ms - 72[0m
[0mGET /api/health/ping [32m200[0m 0.231 ms - 72[0m
[0mGET /api/health/ping [32m200[0m 0.216 ms - 72[0m
[0mGET /api/health/ping [32m200[0m 0.174 ms - 72[0m
[0mGET /api/health/ping [32m200[0m 0.388 ms - 72[0m
[0mGET /api/health/ping [32m200[0m 0.736 ms - 72[0m
[0mGET /api/health/ping [32m200[0m 0.214 ms - 72[0m
[0mGET /api/health/ping [32m200[0m 0.201 ms - 72[0m
[0mGET /api/health/ping [32m200[0m 0.231 ms - 72[0m
[0mGET /api/health/ping [32m200[0m 0.434 ms - 72[0m
[0mGET /api/health/ping [32m200[0m 0.305 ms - 72[0m
[0mGET /api/health/ping [32m200[0m 0.374 ms - 72[0m
[0mGET /api/health/ping [32m200[0m 9.901 ms - 72[0m
[0mGET /api/health/ping [32m200[0m 0.431 ms - 72[0m
[0mGET /api/health/ping [32m200[0m 0.180 ms - 72[0m
[0mGET /api/health/ping [32m200[0m 0.534 ms - 72[0m
[0mGET /api/health/ping [32m200[0m 0.233 ms - 72[0m
[0mGET /api/health/ping [32m200[0m 0.455 ms - 72[0m
[0mGET /api/health/ping [32m200[0m 0.257 ms - 72[0m
[0mGET /api/health/ping [32m200[0m 0.174 ms - 72[0m
[0mGET /api/health/ping [32m200[0m 0.233 ms - 72[0m
[0mGET /api/health/ping [32m200[0m 0.294 ms - 72[0m
[0mGET /api/health/ping [32m200[0m 0.348 ms - 72[0m
[0mGET /api/health/ping [32m200[0m 0.321 ms - 72[0m
[0mGET /api/health/ping [32m200[0m 0.433 ms - 72[0m
[0mGET /api/health/ping [32m200[0m 0.311 ms - 72[0m
[0mGET /api/health/ping [32m200[0m 0.300 ms - 72[0m
[0mGET /api/health/ping [32m200[0m 0.241 ms - 72[0m
[0mGET /api/health/ping [32m200[0m 0.400 ms - 72[0m
[0mGET /api/health/ping [32m200[0m 0.178 ms - 72[0m
[0mGET /api/health/ping [32m200[0m 0.240 ms - 72[0m
[0mGET /api/health/ping [32m200[0m 0.200 ms - 72[0m
[0mGET /api/health/ping [32m200[0m 0.308 ms - 72[0m
[0mGET /api/health/ping [32m200[0m 0.203 ms - 72[0m
[0mGET /api/health/ping [32m200[0m 0.175 ms - 72[0m
[0mGET /api/health/ping [32m200[0m 0.197 ms - 72[0m
[0mGET /api/health/ping [32m200[0m 0.300 ms - 72[0m
[0mGET /api/health/ping [32m200[0m 0.589 ms - 72[0m
[0mGET /api/health/ping [32m200[0m 0.406 ms - 72[0m
[0mGET /api/health/ping [32m200[0m 0.158 ms - 72[0m
[0mGET /api/health/ping [32m200[0m 0.146 ms - 72[0m
[0mGET /api/health/ping [32m200[0m 0.204 ms - 72[0m
[0mGET /api/health/ping [32m200[0m 0.311 ms - 72[0m
[0mGET /api/health/ping [32m200[0m 0.482 ms - 72[0m
[0mGET /api/health/ping [32m200[0m 0.301 ms - 72[0m
[0mGET /api/health/ping [32m200[0m 0.326 ms - 72[0m
[0mGET /api/health/ping [32m200[0m 0.252 ms - 72[0m
[0mGET /api/health/ping [32m200[0m 0.224 ms - 72[0m
[0mGET /api/health/ping [32m200[0m 0.327 ms - 72[0m
[0mGET /api/health/ping [32m200[0m 0.385 ms - 72[0m
[0mGET /api/health/ping [32m200[0m 0.343 ms - 72[0m
[0mGET /api/health/ping [32m200[0m 864.928 ms - 72[0m
[0mGET /api/health/ping [32m200[0m 0.860 ms - 72[0m
[0mGET /api/health/ping [32m200[0m 0.195 ms - 72[0m
[0mGET /api/health/ping [32m200[0m 0.318 ms - 72[0m
[0mGET /api/health/ping [32m200[0m 0.309 ms - 72[0m
[0mGET /api/health/ping [32m200[0m 0.264 ms - 72[0m
[0mGET /api/health/ping [32m200[0m 0.255 ms - 72[0m
[0mGET /api/health/ping [32m200[0m 0.228 ms - 72[0m
[0mGET /api/health/ping [32m200[0m 0.336 ms - 72[0m
[0mGET /api/health/ping [32m200[0m 0.293 ms - 72[0m
[0mGET /api/health/ping [32m200[0m 0.205 ms - 72[0m
[0mGET /api/health/ping [32m200[0m 0.550 ms - 72[0m
[0mGET /api/health/ping [32m200[0m 0.427 ms - 72[0m
[0mGET /api/health/ping [32m200[0m 0.273 ms - 72[0m
[0mGET /api/health/ping [32m200[0m 0.198 ms - 72[0m
[0mGET /api/health/ping [32m200[0m 0.207 ms - 72[0m
[0mGET /api/health/ping [32m200[0m 0.182 ms - 72[0m
[0mGET /api/health/ping [32m200[0m 0.193 ms - 72[0m
[0mGET /api/health/ping [32m200[0m 0.265 ms - 72[0m
[0mGET /api/health/ping [32m200[0m 0.158 ms - 72[0m
[0mGET /api/health/ping [32m200[0m 0.405 ms - 72[0m
[0mGET /api/health/ping [32m200[0m 0.272 ms - 72[0m
[0mGET /api/health/ping [32m200[0m 0.226 ms - 72[0m
[0mGET /api/health/ping [32m200[0m 0.269 ms - 72[0m
[0mGET /api/health/ping [32m200[0m 0.627 ms - 72[0m
[0mGET /api/health/ping [32m200[0m 0.243 ms - 72[0m
[0mGET /api/health/ping [32m200[0m 0.208 ms - 72[0m
[0mGET /api/health/ping [32m200[0m 0.427 ms - 72[0m
[0mGET /api/health/ping [32m200[0m 0.243 ms - 72[0m
[0mGET /api/health/ping [32m200[0m 0.486 ms - 72[0m
[0mGET /api/health/ping [32m200[0m 0.377 ms - 72[0m
[0mGET /api/health/ping [32m200[0m 0.272 ms - 72[0m
[0mGET /api/health/ping [32m200[0m 0.214 ms - 72[0m
[0mGET /api/health/ping [32m200[0m 0.175 ms - 72[0m
[0mGET /api/health/ping [32m200[0m 0.275 ms - 72[0m
[0mGET /api/health/ping [32m200[0m 0.253 ms - 72[0m
[0mGET /api/health/ping [32m200[0m 0.293 ms - 72[0m
[0mGET /api/health/ping [32m200[0m 0.320 ms - 72[0m
[0mGET /api/health/ping [32m200[0m 0.445 ms - 72[0m
[0mGET /api/health/ping [32m200[0m 0.357 ms - 72[0m
[0mGET /api/health/ping [32m200[0m 0.272 ms - 72[0m
[0mGET /api/health/ping [32m200[0m 0.198 ms - 72[0m
[0mGET /api/health/ping [32m200[0m 0.347 ms - 72[0m
[0mGET /api/health/ping [32m200[0m 0.228 ms - 72[0m
[0mGET /api/health/ping [32m200[0m 0.173 ms - 72[0m
[0mGET /api/health/ping [32m200[0m 0.205 ms - 72[0m
[0mGET /api/health/ping [32m200[0m 0.177 ms - 72[0m
[0mGET /api/health/ping [32m200[0m 0.288 ms - 72[0m
[0mGET /api/health/ping [32m200[0m 0.347 ms - 72[0m
[0mGET /api/health/ping [32m200[0m 0.402 ms - 72[0m
[0mGET /api/health/ping [32m200[0m 0.142 ms - 72[0m
[0mGET /api/health/ping [32m200[0m 0.257 ms - 72[0m
[0mGET /api/health/ping [32m200[0m 0.187 ms - 72[0m
[0mGET /api/health/ping [32m200[0m 0.184 ms - 72[0m
[0mGET /api/health/ping [32m200[0m 0.232 ms - 72[0m
[0mGET /api/health/ping [32m200[0m 0.192 ms - 72[0m
[0mGET /api/health/ping [32m200[0m 0.207 ms - 72[0m
[0mGET /api/health/ping [32m200[0m 0.151 ms - 72[0m
[0mGET /api/health/ping [32m200[0m 0.201 ms - 72[0m
[0mGET /api/health/ping [32m200[0m 0.275 ms - 72[0m
[0mGET /api/health/ping [32m200[0m 0.376 ms - 72[0m
[0mGET /api/health/ping [32m200[0m 0.160 ms - 72[0m
[0mGET /api/health/ping [32m200[0m 0.167 ms - 72[0m
[0mGET /api/health/ping [32m200[0m 0.209 ms - 72[0m
[0mGET /api/health/ping [32m200[0m 0.157 ms - 72[0m
[0mGET /api/health/ping [32m200[0m 0.151 ms - 72[0m
[0mGET /api/health/ping [32m200[0m 0.194 ms - 72[0m
[0mGET /api/health/ping [32m200[0m 0.171 ms - 72[0m
[0mGET /api/health/ping [32m200[0m 0.165 ms - 72[0m
[0mGET /api/health/ping [32m200[0m 0.211 ms - 72[0m
[0mGET /api/health/ping [32m200[0m 0.320 ms - 72[0m
[0mGET /api/health/ping [32m200[0m 0.315 ms - 72[0m
[0mGET /api/health/ping [32m200[0m 0.198 ms - 72[0m
[0mGET /api/health/ping [32m200[0m 0.210 ms - 72[0m
[0mGET /api/health/ping [32m200[0m 0.272 ms - 72[0m
[0mGET /api/health/ping [32m200[0m 0.148 ms - 72[0m
[0mGET /api/health/ping [32m200[0m 0.196 ms - 72[0m
[0mGET /api/health/ping [32m200[0m 0.349 ms - 72[0m
[0mGET /api/health/ping [32m200[0m 0.238 ms - 72[0m
[0mGET /api/health/ping [32m200[0m 0.203 ms - 72[0m
[0mGET /api/health/ping [32m200[0m 0.181 ms - 72[0m
[0mGET /api/health/ping [32m200[0m 0.199 ms - 72[0m
[0mGET /api/health/ping [32m200[0m 0.682 ms - 72[0m
[0mGET /api/health/ping [32m200[0m 0.211 ms - 72[0m
[0mGET /api/health/ping [32m200[0m 0.232 ms - 72[0m
[0mGET /api/health/ping [32m200[0m 0.225 ms - 72[0m
[0mGET /api/health/ping [32m200[0m 0.255 ms - 72[0m
[0mGET /api/health/ping [32m200[0m 0.295 ms - 72[0m
[0mGET /api/health/ping [32m200[0m 0.224 ms - 72[0m
[0mGET /api/health/ping [32m200[0m 0.280 ms - 72[0m
[0mGET /api/health/ping [32m200[0m 0.228 ms - 72[0m
[0mGET /api/health/ping [32m200[0m 0.260 ms - 72[0m
[0mGET /api/health/ping [32m200[0m 0.295 ms - 72[0m
[0mGET /api/health/ping [32m200[0m 0.216 ms - 72[0m
[0mGET /api/health/ping [32m200[0m 0.333 ms - 72[0m
[0mGET /api/health/ping [32m200[0m 0.372 ms - 72[0m
[0mGET /api/health/ping [32m200[0m 0.329 ms - 72[0m
[0mGET /api/health/ping [32m200[0m 0.262 ms - 72[0m
[0mGET /api/health/ping [32m200[0m 0.200 ms - 72[0m
[0mGET /api/health/ping [32m200[0m 0.188 ms - 72[0m
[0mGET /api/health/ping [32m200[0m 0.197 ms - 72[0m
[0mGET /api/health/ping [32m200[0m 0.210 ms - 72[0m
[0mGET /api/health/ping [32m200[0m 0.343 ms - 72[0m
[0mGET /api/health/ping [32m200[0m 0.194 ms - 72[0m
[0mGET /api/health/ping [32m200[0m 0.175 ms - 72[0m
[0mGET /api/health/ping [32m200[0m 0.328 ms - 72[0m
[0mGET /api/health/ping [32m200[0m 0.269 ms - 72[0m
[0mGET /api/health/ping [32m200[0m 0.255 ms - 72[0m
[0mGET /api/health/ping [32m200[0m 0.209 ms - 72[0m
[0mGET /api/health/ping [32m200[0m 0.376 ms - 72[0m
[0mGET /api/health/ping [32m200[0m 0.327 ms - 72[0m
[0mGET /api/health/ping [32m200[0m 0.179 ms - 72[0m
[0mGET /api/health/ping [32m200[0m 0.391 ms - 72[0m
[0mGET /api/health/ping [32m200[0m 0.202 ms - 72[0m
[0mGET /api/health/ping [32m200[0m 0.613 ms - 72[0m
[0mGET /api/health/ping [32m200[0m 0.520 ms - 72[0m
[0mGET /api/health/ping [32m200[0m 0.189 ms - 72[0m
[0mGET /api/health/ping [32m200[0m 0.327 ms - 72[0m
[0mGET /api/health/ping [32m200[0m 0.381 ms - 72[0m
[0mGET /api/health/ping [32m200[0m 0.392 ms - 72[0m
[0mGET /api/health/ping [32m200[0m 0.461 ms - 72[0m
[0mGET /api/health/ping [32m200[0m 0.188 ms - 72[0m
[0mGET /api/health/ping [32m200[0m 0.356 ms - 72[0m
[0mGET /api/health/ping [32m200[0m 0.425 ms - 72[0m
[0mGET /api/health/ping [32m200[0m 0.162 ms - 72[0m
[0mGET /api/health/ping [32m200[0m 0.157 ms - 72[0m
[0mGET /api/health/ping [32m200[0m 0.313 ms - 72[0m
[0mGET /api/health/ping [32m200[0m 0.141 ms - 72[0m
[0mGET /api/health/ping [32m200[0m 0.370 ms - 72[0m
[0mGET /api/health/ping [32m200[0m 0.277 ms - 72[0m
[0mGET /api/health/ping [32m200[0m 0.212 ms - 72[0m
[0mGET /api/health/ping [32m200[0m 0.263 ms - 72[0m
[0mGET /api/health/ping [32m200[0m 0.273 ms - 72[0m
[0mGET /api/health/ping [32m200[0m 0.266 ms - 72[0m
[0mGET /api/health/ping [32m200[0m 0.327 ms - 72[0m
[0mGET /api/health/ping [32m200[0m 0.214 ms - 72[0m
[0mGET /api/health/ping [32m200[0m 0.319 ms - 72[0m
[0mGET /api/health/ping [32m200[0m 0.345 ms - 72[0m
[0mGET /api/health/ping [32m200[0m 0.276 ms - 72[0m
[0mGET /api/health/ping [32m200[0m 0.210 ms - 72[0m
[0mGET /api/health/ping [32m200[0m 2.107 ms - 72[0m
[0mGET /api/health/ping [32m200[0m 0.321 ms - 72[0m
[0mGET /api/health/ping [32m200[0m 0.298 ms - 72[0m
[0mGET /api/health/ping [32m200[0m 0.306 ms - 72[0m
[0mGET /api/health/ping [32m200[0m 0.199 ms - 72[0m
[0mGET /api/health/ping [32m200[0m 0.273 ms - 72[0m
[0mGET /api/health/ping [32m200[0m 0.150 ms - 72[0m
[0mGET /api/health/ping [32m200[0m 0.258 ms - 72[0m
[0mGET /api/health/ping [32m200[0m 0.178 ms - 72[0m
[0mGET /api/health/ping [32m200[0m 0.147 ms - 72[0m
[0mGET /api/health/ping [32m200[0m 0.329 ms - 72[0m
[0mGET /api/health/ping [32m200[0m 0.209 ms - 72[0m
[0mGET /api/health/ping [32m200[0m 0.303 ms - 72[0m
[0mGET /api/health/ping [32m200[0m 0.190 ms - 72[0m
[0mGET /api/health/ping [32m200[0m 0.209 ms - 72[0m
[0mGET /api/health/ping [32m200[0m 0.155 ms - 72[0m
[0mGET /api/health/ping [32m200[0m 0.228 ms - 72[0m
[0mGET /api/health/ping [32m200[0m 0.227 ms - 72[0m
[0mGET /api/health/ping [32m200[0m 0.308 ms - 72[0m
[0mGET /api/health/ping [32m200[0m 0.244 ms - 72[0m
[0mGET /api/health/ping [32m200[0m 0.321 ms - 72[0m
[0mGET /api/health/ping [32m200[0m 0.269 ms - 72[0m
[0mGET /api/health/ping [32m200[0m 0.258 ms - 72[0m
[0mGET /api/health/ping [32m200[0m 0.441 ms - 72[0m
[0mGET /api/health/ping [32m200[0m 0.426 ms - 72[0m
[0mGET /api/health/ping [32m200[0m 0.448 ms - 72[0m
[0mGET /api/health/ping [32m200[0m 0.356 ms - 72[0m
[0mGET /api/health/ping [32m200[0m 34.728 ms - 72[0m
[0mGET /api/health/ping [32m200[0m 0.405 ms - 72[0m
[0mGET /api/health/ping [32m200[0m 4.656 ms - 72[0m
[0mGET /api/health/ping [32m200[0m 0.429 ms - 72[0m
[0mGET /api/health/ping [32m200[0m 0.335 ms - 72[0m
[0mGET /api/health/ping [32m200[0m 1.061 ms - 72[0m
[0mGET /api/health/ping [32m200[0m 0.375 ms - 72[0m
[0mGET /api/health/ping [32m200[0m 0.250 ms - 72[0m
[0mGET /api/health/ping [32m200[0m 0.234 ms - 72[0m
[0mGET /api/health/ping [32m200[0m 0.273 ms - 72[0m
[0mGET /api/health/ping [32m200[0m 0.348 ms - 72[0m
[0mGET /api/health/ping [32m200[0m 0.325 ms - 72[0m
[0mGET /api/health/ping [32m200[0m 1.120 ms - 72[0m
[0mGET /api/health/ping [32m200[0m 0.413 ms - 72[0m
[0mGET /api/health/ping [32m200[0m 0.371 ms - 72[0m
[0mGET /api/health/ping [32m200[0m 0.419 ms - 72[0m
[0mGET /api/health/ping [32m200[0m 0.374 ms - 72[0m
[0mGET /api/health/ping [32m200[0m 0.402 ms - 72[0m
[0mGET /api/health/ping [32m200[0m 0.327 ms - 72[0m
[0mGET /api/health/ping [32m200[0m 0.408 ms - 72[0m
[0mGET /api/health/ping [32m200[0m 0.390 ms - 72[0m
[0mGET /api/health/ping [32m200[0m 0.353 ms - 72[0m
[0mGET /api/health/ping [32m200[0m 20.174 ms - 72[0m
[0mGET /api/health/ping [32m200[0m 0.479 ms - 72[0m
[0mGET /api/health/ping [32m200[0m 0.434 ms - 72[0m
[0mGET /api/health/ping [32m200[0m 0.315 ms - 72[0m
[0mGET /api/health/ping [32m200[0m 0.295 ms - 72[0m
[0mGET /api/health/ping [32m200[0m 0.158 ms - 72[0m
[0mGET /api/health/ping [32m200[0m 0.242 ms - 72[0m
[0mGET /api/health/ping [32m200[0m 0.191 ms - 72[0m
[0mGET /api/health/ping [32m200[0m 0.214 ms - 72[0m
[0mGET /api/health/ping [32m200[0m 0.220 ms - 72[0m
[0mGET /api/health/ping [32m200[0m 0.259 ms - 72[0m
[0mGET /api/health/ping [32m200[0m 0.212 ms - 72[0m
[0mGET /api/health/ping [32m200[0m 0.240 ms - 72[0m
[0mGET /api/health/ping [32m200[0m 0.203 ms - 72[0m
[0mGET /api/health/ping [32m200[0m 0.393 ms - 72[0m
[0mGET /api/health/ping [32m200[0m 0.537 ms - 72[0m
[0mGET /api/health/ping [32m200[0m 0.280 ms - 72[0m
[0mGET /api/health/ping [32m200[0m 0.164 ms - 72[0m
[0mGET /api/health/ping [32m200[0m 0.307 ms - 72[0m
[0mGET /api/health/ping [32m200[0m 0.506 ms - 72[0m
[0mGET /api/health/ping [32m200[0m 0.260 ms - 72[0m
[0mGET /api/health/ping [32m200[0m 0.301 ms - 72[0m
[0mGET /api/health/ping [32m200[0m 0.196 ms - 72[0m
[0mGET /api/health/ping [32m200[0m 0.147 ms - 72[0m
[0mGET /api/health/ping [32m200[0m 0.310 ms - 72[0m
[0mGET /api/health/ping [32m200[0m 0.275 ms - 72[0m
[0mGET /api/health/ping [32m200[0m 0.221 ms - 72[0m
[0mGET /api/health/ping [32m200[0m 0.203 ms - 72[0m
[0mGET /api/health/ping [32m200[0m 0.234 ms - 72[0m
[0mGET /api/health/ping [32m200[0m 0.138 ms - 72[0m
[0mGET /api/health/ping [32m200[0m 0.207 ms - 72[0m
[0mGET /api/health/ping [32m200[0m 0.187 ms - 72[0m
[0mGET /api/health/ping [32m200[0m 0.261 ms - 72[0m
[0mGET /api/health/ping [32m200[0m 0.447 ms - 72[0m
[0mGET /api/health/ping [32m200[0m 0.517 ms - 72[0m
[0mGET /api/health/ping [32m200[0m 0.219 ms - 72[0m
[0mGET /api/health/ping [32m200[0m 0.244 ms - 72[0m
[0mGET /api/health/ping [32m200[0m 0.225 ms - 72[0m
[0mGET /api/health/ping [32m200[0m 0.381 ms - 72[0m
[0mGET /api/health/ping [32m200[0m 0.784 ms - 72[0m
[0mGET /api/health/ping [32m200[0m 0.383 ms - 72[0m
[0mGET /api/health/ping [32m200[0m 0.406 ms - 72[0m
[0mGET /api/health/ping [32m200[0m 0.365 ms - 72[0m
[0mGET /api/health/ping [32m200[0m 0.309 ms - 72[0m
[0mGET /api/health/ping [32m200[0m 0.314 ms - 72[0m
[0mGET /api/health/ping [32m200[0m 0.342 ms - 72[0m
[0mGET /api/health/ping [32m200[0m 0.856 ms - 72[0m
[0mGET /api/health/ping [32m200[0m 0.340 ms - 72[0m
[0mGET /api/health/ping [32m200[0m 0.612 ms - 72[0m
[0mGET /api/health/ping [32m200[0m 0.473 ms - 72[0m
[0mGET /api/health/ping [32m200[0m 0.360 ms - 72[0m
[0mGET /api/health/ping [32m200[0m 0.386 ms - 72[0m
[0mGET /api/health/ping [32m200[0m 0.305 ms - 72[0m
[0mGET /api/health/ping [32m200[0m 0.231 ms - 72[0m
[0mGET /api/health/ping [32m200[0m 0.184 ms - 72[0m
[0mGET /api/health/ping [32m200[0m 0.201 ms - 72[0m
[0mGET /api/health/ping [32m200[0m 0.251 ms - 72[0m
[0mGET /api/health/ping [32m200[0m 0.260 ms - 72[0m
[0mGET /api/health/ping [32m200[0m 0.314 ms - 72[0m
[0mGET /api/health/ping [32m200[0m 0.129 ms - 72[0m
[0mGET /api/health/ping [32m200[0m 0.254 ms - 72[0m
[0mGET /api/health/ping [32m200[0m 0.322 ms - 72[0m
[0mGET /api/health/ping [32m200[0m 0.430 ms - 72[0m
[0mGET /api/health/ping [32m200[0m 0.376 ms - 72[0m
[0mGET /api/health/ping [32m200[0m 0.300 ms - 72[0m
[0mGET /api/health/ping [32m200[0m 0.118 ms - 72[0m
[0mGET /api/health/ping [32m200[0m 0.173 ms - 72[0m
[0mGET /api/health/ping [32m200[0m 0.211 ms - 72[0m
[0mGET /api/health/ping [32m200[0m 0.674 ms - 72[0m
[0mGET /api/health/ping [32m200[0m 0.357 ms - 72[0m
[0mGET /api/health/ping [32m200[0m 0.217 ms - 72[0m
[0mGET /api/health/ping [32m200[0m 0.208 ms - 72[0m
[0mGET /api/health/ping [32m200[0m 0.358 ms - 72[0m
[0mGET /api/health/ping [32m200[0m 0.293 ms - 72[0m
[0mGET /api/health/ping [32m200[0m 0.656 ms - 72[0m
[0mGET /api/health/ping [32m200[0m 0.191 ms - 72[0m
[0mGET /api/health/ping [32m200[0m 0.394 ms - 72[0m
[0mGET /api/health/ping [32m200[0m 0.537 ms - 72[0m
[0mGET /api/health/ping [32m200[0m 0.374 ms - 72[0m
[0mGET /api/health/ping [32m200[0m 0.670 ms - 72[0m
[0mGET /api/health/ping [32m200[0m 0.262 ms - 72[0m
[0mGET /api/health/ping [32m200[0m 0.368 ms - 72[0m
[0mGET /api/health/ping [32m200[0m 0.191 ms - 72[0m
[0mGET /api/health/ping [32m200[0m 0.361 ms - 72[0m
[0mGET /api/health/ping [32m200[0m 0.415 ms - 72[0m
[0mGET /api/health/ping [32m200[0m 0.382 ms - 72[0m
[0mGET /api/health/ping [32m200[0m 2.160 ms - 72[0m
[0mGET /api/health/ping [32m200[0m 6.478 ms - 72[0m
[0mGET /api/health/ping [32m200[0m 0.409 ms - 72[0m
[0mGET /api/health/ping [32m200[0m 0.695 ms - 72[0m
[0mGET /api/health/ping [32m200[0m 0.588 ms - 72[0m
[0mGET /api/health/ping [32m200[0m 0.307 ms - 72[0m
[0mGET /api/health/ping [32m200[0m 0.445 ms - 72[0m
[0mGET /api/health/ping [32m200[0m 0.566 ms - 72[0m
[0mGET /api/health/ping [32m200[0m 0.632 ms - 72[0m
[0mGET /api/health/ping [32m200[0m 0.358 ms - 72[0m
[0mGET /api/health/ping [32m200[0m 0.483 ms - 72[0m
[0mGET /api/health/ping [32m200[0m 0.377 ms - 72[0m
[0mGET /api/health/ping [32m200[0m 0.481 ms - 72[0m
[0mGET /api/health/ping [32m200[0m 0.578 ms - 72[0m
[0mGET /api/health/ping [32m200[0m 0.332 ms - 72[0m
[0mGET /api/health/ping [32m200[0m 0.375 ms - 72[0m
[0mGET /api/health/ping [32m200[0m 0.350 ms - 72[0m
[0mGET /api/health/ping [32m200[0m 0.386 ms - 72[0m
[0mGET /api/health/ping [32m200[0m 0.579 ms - 72[0m
[0mGET /api/health/ping [32m200[0m 0.344 ms - 72[0m
[0mGET /api/health/ping [32m200[0m 8.199 ms - 72[0m
[0mGET /api/health/ping [32m200[0m 0.420 ms - 72[0m
[0mGET /api/health/ping [32m200[0m 0.457 ms - 72[0m
[0mGET /api/health/ping [32m200[0m 0.264 ms - 72[0m
[0mGET /api/health/ping [32m200[0m 0.567 ms - 72[0m
[0mGET /api/health/ping [32m200[0m 0.421 ms - 72[0m
[0mGET /api/health/ping [32m200[0m 0.291 ms - 72[0m
[0mGET /api/health/ping [32m200[0m 0.121 ms - 72[0m
[0mGET /api/health/ping [32m200[0m 0.373 ms - 72[0m
[0mGET /api/health/ping [32m200[0m 0.693 ms - 72[0m
[0mGET /api/health/ping [32m200[0m 0.386 ms - 72[0m
[0mGET /api/health/ping [32m200[0m 0.313 ms - 72[0m
[0mGET /api/health/ping [32m200[0m 0.320 ms - 72[0m
[0mGET /api/health/ping [32m200[0m 2.148 ms - 72[0m
[0mGET /api/health/ping [32m200[0m 0.351 ms - 72[0m
[0mGET /api/health/ping [32m200[0m 0.242 ms - 72[0m
[0mGET /api/health/ping [32m200[0m 0.550 ms - 72[0m
[0mGET /api/health/ping [32m200[0m 0.388 ms - 72[0m
[0mGET /api/health/ping [32m200[0m 0.350 ms - 72[0m
[0mGET /api/health/ping [32m200[0m 0.178 ms - 72[0m
[0mGET /api/health/ping [32m200[0m 0.400 ms - 72[0m
[0mGET /api/health/ping [32m200[0m 0.337 ms - 72[0m
[0mGET /api/health/ping [32m200[0m 1.255 ms - 72[0m
[0mGET /api/health/ping [32m200[0m 0.271 ms - 72[0m
[0mGET /api/health/ping [32m200[0m 0.249 ms - 72[0m
[0mGET /api/health/ping [32m200[0m 0.772 ms - 72[0m
[0mGET /api/health/ping [32m200[0m 0.191 ms - 72[0m
[0mGET /api/health/ping [32m200[0m 0.169 ms - 72[0m
[0mGET /api/health/ping [32m200[0m 0.899 ms - 72[0m
[0mGET /api/health/ping [32m200[0m 0.489 ms - 72[0m
[0mGET /api/health/ping [32m200[0m 0.382 ms - 72[0m
[0mGET /api/health/ping [32m200[0m 1.177 ms - 72[0m
[0mGET /api/health/ping [32m200[0m 0.731 ms - 72[0m
[0mGET /api/health/ping [32m200[0m 0.286 ms - 72[0m
[0mGET /api/health/ping [32m200[0m 1.524 ms - 72[0m
[0mGET /api/health/ping [32m200[0m 0.377 ms - 72[0m
[0mGET /api/health/ping [32m200[0m 0.500 ms - 72[0m
[0mGET /api/health/ping [32m200[0m 0.397 ms - 72[0m
[0mGET /api/health/ping [32m200[0m 0.564 ms - 72[0m
[0mGET /api/health/ping [32m200[0m 0.691 ms - 72[0m
[0mGET /api/health/ping [32m200[0m 0.596 ms - 72[0m
[0mGET /api/health/ping [32m200[0m 0.416 ms - 72[0m
[0mGET /api/health/ping [32m200[0m 0.540 ms - 72[0m
[0mGET /api/health/ping [32m200[0m 0.170 ms - 72[0m
[0mGET /api/health/ping [32m200[0m 0.905 ms - 72[0m
[0mGET /api/health/ping [32m200[0m 0.454 ms - 72[0m
[0mGET /api/health/ping [32m200[0m 0.515 ms - 72[0m
[0mGET /api/health/ping [32m200[0m 0.387 ms - 72[0m
[0mGET /api/health/ping [32m200[0m 0.586 ms - 72[0m
[0mGET /api/health/ping [32m200[0m 1.268 ms - 72[0m
[0mGET /api/health/ping [32m200[0m 0.161 ms - 72[0m
[0mGET /api/health/ping [32m200[0m 0.667 ms - 72[0m
[0mGET /api/health/ping [32m200[0m 0.606 ms - 72[0m
[0mGET /api/health/ping [32m200[0m 0.404 ms - 72[0m
[0mGET /api/health/ping [32m200[0m 0.399 ms - 72[0m
[0mGET /api/health/ping [32m200[0m 0.176 ms - 72[0m
[0mGET /api/health/ping [32m200[0m 0.164 ms - 72[0m
[0mGET /api/health/ping [32m200[0m 0.258 ms - 72[0m
[0mGET /api/health/ping [32m200[0m 0.632 ms - 72[0m
[0mGET /api/health/ping [32m200[0m 0.362 ms - 72[0m
[0mGET /api/health/ping [32m200[0m 0.373 ms - 72[0m
[0mGET /api/health/ping [32m200[0m 0.205 ms - 72[0m
[0mGET /api/health/ping [32m200[0m 0.366 ms - 72[0m
[0mGET /api/health/ping [32m200[0m 0.472 ms - 72[0m
[0mGET /api/health/ping [32m200[0m 0.476 ms - 72[0m
[0mGET /api/health/ping [32m200[0m 0.230 ms - 72[0m
[0mGET /api/health/ping [32m200[0m 0.438 ms - 72[0m
[0mGET /api/health/ping [32m200[0m 0.216 ms - 72[0m
[0mGET /api/health/ping [32m200[0m 0.117 ms - 72[0m
[0mGET /api/health/ping [32m200[0m 0.425 ms - 72[0m
[0mGET /api/health/ping [32m200[0m 0.469 ms - 72[0m
[0mGET /api/health/ping [32m200[0m 0.178 ms - 72[0m
[0mGET /api/health/ping [32m200[0m 0.280 ms - 72[0m
[0mGET /api/health/ping [32m200[0m 0.268 ms - 72[0m
[0mGET /api/health/ping [32m200[0m 0.384 ms - 72[0m
[0mGET /api/health/ping [32m200[0m 0.457 ms - 72[0m
[0mGET /api/health/ping [32m200[0m 0.439 ms - 72[0m
[0mGET /api/health/ping [32m200[0m 0.201 ms - 72[0m
[0mGET /api/health/ping [32m200[0m 0.132 ms - 72[0m
[0mGET /api/health/ping [32m200[0m 0.157 ms - 72[0m
[0mGET /api/health/ping [32m200[0m 0.116 ms - 72[0m
[0mGET /api/health/ping [32m200[0m 0.187 ms - 72[0m
[0mGET /api/health/ping [32m200[0m 0.119 ms - 72[0m
[0mGET /api/health/ping [32m200[0m 0.372 ms - 72[0m
[0mGET /api/health/ping [32m200[0m 0.123 ms - 72[0m
[0mGET /api/health/ping [32m200[0m 0.149 ms - 72[0m
[0mGET /api/health/ping [32m200[0m 0.187 ms - 72[0m
[0mGET /api/health/ping [32m200[0m 0.317 ms - 72[0m
[0mGET /api/health/ping [32m200[0m 0.414 ms - 72[0m
[0mGET /api/health/ping [32m200[0m 0.536 ms - 72[0m
[0mGET /api/health/ping [32m200[0m 0.315 ms - 72[0m
[0mGET /api/health/ping [32m200[0m 0.365 ms - 72[0m
[0mGET /api/health/ping [32m200[0m 0.196 ms - 72[0m
[0mGET /api/health/ping [32m200[0m 0.506 ms - 72[0m
[0mGET /api/health/ping [32m200[0m 0.127 ms - 72[0m
[0mGET /api/health/ping [32m200[0m 0.281 ms - 72[0m
[0mGET /api/health/ping [32m200[0m 0.227 ms - 72[0m
[0mGET /api/health/ping [32m200[0m 0.377 ms - 72[0m
[0mGET /api/health/ping [32m200[0m 0.463 ms - 72[0m
[0mGET /api/health/ping [32m200[0m 0.349 ms - 72[0m
[0mGET /api/health/ping [32m200[0m 0.146 ms - 72[0m
[0mGET /api/health/ping [32m200[0m 0.266 ms - 72[0m
[0mGET /api/health/ping [32m200[0m 0.137 ms - 72[0m
[0mGET /api/health/ping [32m200[0m 0.168 ms - 72[0m
[0mGET /api/health/ping [32m200[0m 0.139 ms - 72[0m
[0mGET /api/health/ping [32m200[0m 0.501 ms - 72[0m
[0mGET /api/health/ping [32m200[0m 0.243 ms - 72[0m
[0mGET /api/health/ping [32m200[0m 0.231 ms - 72[0m
[0mGET /api/health/ping [32m200[0m 0.147 ms - 72[0m
[0mGET /api/health/ping [32m200[0m 0.215 ms - 72[0m
[0mGET /api/health/ping [32m200[0m 0.173 ms - 72[0m
[0mGET /api/health/ping [32m200[0m 0.202 ms - 72[0m
[0mGET /api/health/ping [32m200[0m 0.155 ms - 72[0m
[0mGET /api/health/ping [32m200[0m 2.094 ms - 72[0m
[0mGET /api/health/ping [32m200[0m 0.162 ms - 72[0m
[0mGET /api/health/ping [32m200[0m 0.326 ms - 72[0m
[0mGET /api/health/ping [32m200[0m 0.212 ms - 72[0m
[0mGET /api/health/ping [32m200[0m 0.156 ms - 72[0m
[0mGET /api/health/ping [32m200[0m 0.465 ms - 72[0m
[0mGET /api/health/ping [32m200[0m 0.565 ms - 72[0m
[0mGET /api/health/ping [32m200[0m 0.404 ms - 72[0m
[0mGET /api/health/ping [32m200[0m 0.122 ms - 72[0m
[0mGET /api/health/ping [32m200[0m 0.125 ms - 72[0m
[0mGET /api/health/ping [32m200[0m 0.353 ms - 72[0m
[0mGET /api/health/ping [32m200[0m 0.358 ms - 72[0m
[0mGET /api/health/ping [32m200[0m 0.321 ms - 72[0m
[0mGET /api/health/ping [32m200[0m 0.383 ms - 72[0m
[0mGET /api/health/ping [32m200[0m 0.557 ms - 72[0m
[0mGET /api/health/ping [32m200[0m 0.410 ms - 72[0m
[0mGET /api/health/ping [32m200[0m 0.521 ms - 72[0m
[0mGET /api/health/ping [32m200[0m 0.462 ms - 72[0m
[0mGET /api/health/ping [32m200[0m 0.458 ms - 72[0m
[0mGET /api/health/ping [32m200[0m 0.495 ms - 72[0m
[0mGET /api/health/ping [32m200[0m 0.369 ms - 72[0m
[0mGET /api/health/ping [32m200[0m 0.454 ms - 72[0m
[0mGET /api/health/ping [32m200[0m 0.189 ms - 72[0m
[0mGET /api/health/ping [32m200[0m 0.139 ms - 72[0m
[0mGET /api/health/ping [32m200[0m 0.447 ms - 72[0m
[0mGET /api/health/ping [32m200[0m 0.398 ms - 72[0m
[0mGET /api/health/ping [32m200[0m 0.275 ms - 72[0m
[0mGET /api/health/ping [32m200[0m 28.577 ms - 72[0m
[0mGET /api/health [32m200[0m 62.366 ms - 124[0m
[0mGET /api/health/ping [32m200[0m 17.964 ms - 72[0m
[0mGET /api/health/ping [32m200[0m 0.211 ms - 72[0m
[0mGET /api/health/ping [32m200[0m 0.183 ms - 72[0m
[0mGET /api/health/ping [32m200[0m 0.737 ms - 72[0m
[0mGET /api/health/ping [32m200[0m 0.243 ms - 72[0m
[0mGET /api/health/ping [32m200[0m 0.215 ms - 72[0m
[0mGET /api/health/ping [32m200[0m 0.247 ms - 72[0m
[0mGET /api/health/ping [32m200[0m 0.277 ms - 72[0m
[0mGET /api/health/ping [32m200[0m 0.248 ms - 72[0m
[0mGET /api/health/ping [32m200[0m 0.452 ms - 72[0m
[0mGET /api/health/ping [32m200[0m 0.263 ms - 72[0m
[0mGET /api/health/ping [32m200[0m 0.555 ms - 72[0m
[0mGET /api/health/ping [32m200[0m 0.138 ms - 72[0m
[0mGET /api/health/ping [32m200[0m 0.155 ms - 72[0m
[0mGET /api/health/ping [32m200[0m 1.524 ms - 72[0m
[0mGET /api/health/ping [32m200[0m 0.193 ms - 72[0m
[0mGET /api/health/ping [32m200[0m 0.242 ms - 72[0m
[0mGET /api/health/ping [32m200[0m 0.354 ms - 72[0m
[0mGET /api/health/ping [32m200[0m 0.184 ms - 72[0m
[0mGET /api/health/ping [32m200[0m 0.277 ms - 72[0m
[0mGET /api/health/ping [32m200[0m 0.231 ms - 72[0m
[0mGET /api/health/ping [32m200[0m 0.284 ms - 72[0m
[0mGET /api/health/ping [32m200[0m 0.356 ms - 72[0m
[0mGET /api/health/ping [32m200[0m 0.798 ms - 72[0m
[0mGET /api/health/ping [32m200[0m 0.279 ms - 72[0m
[0mGET /api/health/ping [32m200[0m 0.526 ms - 72[0m
[0mGET /api/health/ping [32m200[0m 0.391 ms - 72[0m
[0mGET /api/health/ping [32m200[0m 0.128 ms - 72[0m
[0mGET /api/health/ping [32m200[0m 0.131 ms - 72[0m
[0mGET /api/health/ping [32m200[0m 0.177 ms - 72[0m
[0mGET /api/health/ping [32m200[0m 0.232 ms - 72[0m
[0mGET /api/health/ping [32m200[0m 0.414 ms - 72[0m
[0mGET /api/health/ping [32m200[0m 0.172 ms - 72[0m
[0mGET /api/health/ping [32m200[0m 0.257 ms - 72[0m
[0mGET /api/health/ping [32m200[0m 0.238 ms - 72[0m
[0mGET /api/health/ping [32m200[0m 0.195 ms - 72[0m
[0mGET /api/health/ping [32m200[0m 0.274 ms - 72[0m
[0mGET /api/health/ping [32m200[0m 0.205 ms - 72[0m
[0mGET /api/health/ping [32m200[0m 0.408 ms - 72[0m
[0mGET /api/health/ping [32m200[0m 0.206 ms - 72[0m
[0mGET /api/health/ping [32m200[0m 0.264 ms - 72[0m
[0mGET /api/health/ping [32m200[0m 0.359 ms - 72[0m
[0mGET /api/health/ping [32m200[0m 0.549 ms - 72[0m
[0mGET /api/health/ping [32m200[0m 0.347 ms - 72[0m
[0mGET /api/health/ping [32m200[0m 0.155 ms - 72[0m
[0mGET /api/health/ping [32m200[0m 0.331 ms - 72[0m
[0mGET /api/health/ping [32m200[0m 0.387 ms - 72[0m
[0mGET /api/health/ping [32m200[0m 0.277 ms - 72[0m
[0mGET /api/health/ping [32m200[0m 0.177 ms - 72[0m
[0mGET /api/health/ping [32m200[0m 0.374 ms - 72[0m
[0mGET /api/health/ping [32m200[0m 0.261 ms - 72[0m
[0mGET /api/health/ping [32m200[0m 0.294 ms - 72[0m
[0mGET /api/health/ping [32m200[0m 0.163 ms - 72[0m
[0mGET /api/health/ping [32m200[0m 0.232 ms - 72[0m
[0mGET /api/health/ping [32m200[0m 0.484 ms - 72[0m
[0mGET /api/health/ping [32m200[0m 0.206 ms - 72[0m
[0mGET /api/health/ping [32m200[0m 0.327 ms - 72[0m
[0mGET /api/health/ping [32m200[0m 0.137 ms - 72[0m
[0mGET /api/health/ping [32m200[0m 0.285 ms - 72[0m
[0mGET /api/health/ping [32m200[0m 0.178 ms - 72[0m
[0mGET /api/health/ping [32m200[0m 0.246 ms - 72[0m
[0mGET /api/health/ping [32m200[0m 0.242 ms - 72[0m
[0mGET /api/health/ping [32m200[0m 2.000 ms - 72[0m
[0mGET /api/health/ping [32m200[0m 0.181 ms - 72[0m
[0mGET /api/health/ping [32m200[0m 0.264 ms - 72[0m
[0mGET /api/health/ping [32m200[0m 0.245 ms - 72[0m
[0mGET /api/health/ping [32m200[0m 0.124 ms - 72[0m
[0mGET /api/health/ping [32m200[0m 0.415 ms - 72[0m
[0mGET /api/health/ping [32m200[0m 0.253 ms - 72[0m
[0mGET /api/health/ping [32m200[0m 0.241 ms - 72[0m
[0mGET /api/health/ping [32m200[0m 0.458 ms - 72[0m
[0mGET /api/health/ping [32m200[0m 2.389 ms - 72[0m
[0mGET /api/health/ping [32m200[0m 0.478 ms - 72[0m
[0mGET /api/health/ping [32m200[0m 0.512 ms - 72[0m
[0mGET /api/health/ping [32m200[0m 0.410 ms - 72[0m
[0mGET /api/health/ping [32m200[0m 0.407 ms - 72[0m
[0mGET /api/health/ping [32m200[0m 0.438 ms - 72[0m
[0mGET /api/health/ping [32m200[0m 0.422 ms - 72[0m
[0mGET /api/health/ping [32m200[0m 0.409 ms - 72[0m
[0mGET /api/health/ping [32m200[0m 0.375 ms - 72[0m
[0mGET /api/health/ping [32m200[0m 0.385 ms - 72[0m
[0mGET /api/health/ping [32m200[0m 0.493 ms - 72[0m
[0mGET /api/health/ping [32m200[0m 0.434 ms - 72[0m
[0mGET /api/health/ping [32m200[0m 0.514 ms - 72[0m
[0mGET /api/health/ping [32m200[0m 0.448 ms - 72[0m
[0mGET /api/health/ping [32m200[0m 0.419 ms - 72[0m
[0mGET /api/health/ping [32m200[0m 0.456 ms - 72[0m
[0mGET /api/health/ping [32m200[0m 0.434 ms - 72[0m
[0mGET /api/health/ping [32m200[0m 0.472 ms - 72[0m
[0mGET /api/health/ping [32m200[0m 0.435 ms - 72[0m
[0mGET /api/health/ping [32m200[0m 0.356 ms - 72[0m
[0mGET /api/health/ping [32m200[0m 34.733 ms - 72[0m
[0mGET /api/health/ping [32m200[0m 0.430 ms - 72[0m
[0mGET /api/health/ping [32m200[0m 0.752 ms - 72[0m
[0mGET /api/health/ping [32m200[0m 0.323 ms - 72[0m
[0mGET /api/health/ping [32m200[0m 0.629 ms - 72[0m
[0mGET /api/health/ping [32m200[0m 0.383 ms - 72[0m
[0mGET /api/health/ping [32m200[0m 0.490 ms - 72[0m
[0mGET /api/health/ping [32m200[0m 86.487 ms - 72[0m
[0mGET /api/health/ping [32m200[0m 256.757 ms - 72[0m
[0mGET /api/health/ping [32m200[0m 0.488 ms - 72[0m
[0mGET /api/health/ping [32m200[0m 0.324 ms - 72[0m
[0mGET /api/health/ping [32m200[0m 90.714 ms - 72[0m
[0mGET /api/health/ping [32m200[0m 0.430 ms - 72[0m
[0mGET /api/health/ping [32m200[0m 0.395 ms - 72[0m
[0mGET /api/health/ping [32m200[0m 0.409 ms - 72[0m
[0mGET /api/health/ping [32m200[0m 0.361 ms - 72[0m
[0mGET /api/health/ping [32m200[0m 0.423 ms - 72[0m
[0mGET /api/health/ping [32m200[0m 0.862 ms - 72[0m
[0mGET /api/health/ping [32m200[0m 160.790 ms - 72[0m
[0mGET /api/health/ping [32m200[0m 0.481 ms - 72[0m
[0mGET /api/health/ping [32m200[0m 0.406 ms - 72[0m
[0mGET /api/health/ping [32m200[0m 0.332 ms - 72[0m
[0mGET /api/health/ping [32m200[0m 0.653 ms - 72[0m
[0mGET /api/health/ping [32m200[0m 21.778 ms - 72[0m
[0mGET /api/health/ping [32m200[0m 0.575 ms - 72[0m
[0mGET /api/health/ping [32m200[0m 0.432 ms - 72[0m
[0mGET /api/health/ping [32m200[0m 0.419 ms - 72[0m
[0mGET /api/health/ping [32m200[0m 0.278 ms - 72[0m
[0mGET /api/health/ping [32m200[0m 0.416 ms - 72[0m
[0mGET /api/health/ping [32m200[0m 0.490 ms - 72[0m
[0mGET /api/health/ping [32m200[0m 0.467 ms - 72[0m
[0mGET /api/health/ping [32m200[0m 0.283 ms - 72[0m
[0mGET /api/health/ping [32m200[0m 0.268 ms - 72[0m
[0mGET /api/health/ping [32m200[0m 0.792 ms - 72[0m
[0mGET /api/health/ping [32m200[0m 0.345 ms - 72[0m
[0mGET /api/health/ping [32m200[0m 0.476 ms - 72[0m
[0mGET /api/health/ping [32m200[0m 0.389 ms - 72[0m
[0mGET /api/health/ping [32m200[0m 0.335 ms - 72[0m
[0mGET /api/health/ping [32m200[0m 0.463 ms - 72[0m
[0mGET /api/health/ping [32m200[0m 0.262 ms - 72[0m
[0mGET /api/health/ping [32m200[0m 0.502 ms - 72[0m
[0mGET /api/health/ping [32m200[0m 0.418 ms - 72[0m
[0mGET /api/health/ping [32m200[0m 0.339 ms - 72[0m
[0mGET /api/health/ping [32m200[0m 0.396 ms - 72[0m
[0mGET /api/health/ping [32m200[0m 0.856 ms - 72[0m
[0mGET /api/health/ping [32m200[0m 0.353 ms - 72[0m
[0mGET /api/health/ping [32m200[0m 0.319 ms - 72[0m
[0mGET /api/health/ping [32m200[0m 0.430 ms - 72[0m
[0mGET /api/health/ping [32m200[0m 0.380 ms - 72[0m
[0mGET /api/health/ping [32m200[0m 0.276 ms - 72[0m
[0mGET /api/health/ping [32m200[0m 0.291 ms - 72[0m
[0mGET /api/health/ping [32m200[0m 0.235 ms - 72[0m
[0mGET /api/health/ping [32m200[0m 0.392 ms - 72[0m
[0mGET /api/health/ping [32m200[0m 0.287 ms - 72[0m
[0mGET /api/health/ping [32m200[0m 0.244 ms - 72[0m
[0mGET /api/health/ping [32m200[0m 0.229 ms - 72[0m
[0mGET /api/health/ping [32m200[0m 0.202 ms - 72[0m
[0mGET /api/health/ping [32m200[0m 0.290 ms - 72[0m
[0mGET /api/health/ping [32m200[0m 0.300 ms - 72[0m
[0mGET /api/health/ping [32m200[0m 0.334 ms - 72[0m
[0mGET /api/health/ping [32m200[0m 0.318 ms - 72[0m
[0mGET /api/health/ping [32m200[0m 0.376 ms - 72[0m
[0mGET /api/health/ping [32m200[0m 0.364 ms - 72[0m
[0mGET /api/health/ping [32m200[0m 2.631 ms - 72[0m
[0mGET /api/health/ping [32m200[0m 0.401 ms - 72[0m
[0mGET /api/health/ping [32m200[0m 0.215 ms - 72[0m
[0mGET /api/health/ping [32m200[0m 0.911 ms - 72[0m
[0mGET /api/health/ping [32m200[0m 0.439 ms - 72[0m
[0mGET /api/health/ping [32m200[0m 1.846 ms - 72[0m
[0mGET /api/health/ping [32m200[0m 0.436 ms - 72[0m
[0mGET /api/health/ping [32m200[0m 0.417 ms - 72[0m
[0mGET /api/health/ping [32m200[0m 0.522 ms - 72[0m
[0mGET /api/health/ping [32m200[0m 0.555 ms - 72[0m
[0mGET /api/health/ping [32m200[0m 0.299 ms - 72[0m
[0mGET /api/health/ping [32m200[0m 0.239 ms - 72[0m
[0mGET /api/health/ping [32m200[0m 0.179 ms - 72[0m
[0mGET /api/health/ping [32m200[0m 0.225 ms - 72[0m
[0mGET /api/health/ping [32m200[0m 0.229 ms - 72[0m
[0mGET /api/health/ping [32m200[0m 0.301 ms - 72[0m
[0mGET /api/health/ping [32m200[0m 0.238 ms - 72[0m
[0mGET /api/health/ping [32m200[0m 0.402 ms - 72[0m
[0mGET /api/health/ping [32m200[0m 0.377 ms - 72[0m
[0mGET /api/health/ping [32m200[0m 0.331 ms - 72[0m
[0mGET /api/health/ping [32m200[0m 0.229 ms - 72[0m
[0mGET /api/health/ping [32m200[0m 0.259 ms - 72[0m
[0mGET /api/health/ping [32m200[0m 0.379 ms - 72[0m
[0mGET /api/health/ping [32m200[0m 0.318 ms - 72[0m
[0mGET /api/health/ping [32m200[0m 0.248 ms - 72[0m
[0mGET /api/health/ping [32m200[0m 0.395 ms - 72[0m
[0mGET /api/health/ping [32m200[0m 0.310 ms - 72[0m
[0mGET /api/health/ping [32m200[0m 0.487 ms - 72[0m
[0mGET /api/health/ping [32m200[0m 0.247 ms - 72[0m
[0mGET /api/health/ping [32m200[0m 0.423 ms - 72[0m
[0mGET /api/health/ping [32m200[0m 0.356 ms - 72[0m
[0mGET /api/health/ping [32m200[0m 0.371 ms - 72[0m
[0mGET /api/health/ping [32m200[0m 0.290 ms - 72[0m
[0mGET /api/health/ping [32m200[0m 0.359 ms - 72[0m
[0mGET /api/health/ping [32m200[0m 0.314 ms - 72[0m
[0mGET /api/health/ping [32m200[0m 1.254 ms - 72[0m
[0mGET /api/health/ping [32m200[0m 0.517 ms - 72[0m
[0mGET /api/health/ping [32m200[0m 0.543 ms - 72[0m
[0mGET /api/health/ping [32m200[0m 0.264 ms - 72[0m
[0mGET /api/health/ping [32m200[0m 0.211 ms - 72[0m
[0mGET /api/health/ping [32m200[0m 0.245 ms - 72[0m
[0mGET /api/health/ping [32m200[0m 0.221 ms - 72[0m
[0mGET /api/health/ping [32m200[0m 0.215 ms - 72[0m
[0mGET /api/health/ping [32m200[0m 0.295 ms - 72[0m
[0mGET /api/health/ping [32m200[0m 0.485 ms - 72[0m
[0mGET /api/health/ping [32m200[0m 0.684 ms - 72[0m
[0mGET /api/health/ping [32m200[0m 0.208 ms - 72[0m
[0mGET /api/health/ping [32m200[0m 0.792 ms - 72[0m
[0mGET /api/health/ping [32m200[0m 0.299 ms - 72[0m
[0mGET /api/health/ping [32m200[0m 0.323 ms - 72[0m
[0mGET /api/health/ping [32m200[0m 0.203 ms - 72[0m
[0mGET /api/health/ping [32m200[0m 0.759 ms - 72[0m
[0mGET /api/health/ping [32m200[0m 0.243 ms - 72[0m
[0mGET /api/health/ping [32m200[0m 0.397 ms - 72[0m
[0mGET /api/health/ping [32m200[0m 0.288 ms - 72[0m
[0mGET /api/health/ping [32m200[0m 0.359 ms - 72[0m
[0mGET /api/health/ping [32m200[0m 0.263 ms - 72[0m
[0mGET /api/health/ping [32m200[0m 2.039 ms - 72[0m
[0mGET /api/health/ping [32m200[0m 0.371 ms - 72[0m
[0mGET /api/health/ping [32m200[0m 0.358 ms - 72[0m
[0mGET /api/health/ping [32m200[0m 0.367 ms - 72[0m
[0mGET /api/health/ping [32m200[0m 0.177 ms - 72[0m
[0mGET /api/health/ping [32m200[0m 0.246 ms - 72[0m
[0mGET /api/health/ping [32m200[0m 0.271 ms - 72[0m
[0mGET /api/health/ping [32m200[0m 0.277 ms - 72[0m
[0mGET /api/health/ping [32m200[0m 0.444 ms - 72[0m
[0mGET /api/health/ping [32m200[0m 0.199 ms - 72[0m
[0mGET /api/health/ping [32m200[0m 0.236 ms - 72[0m
[0mGET /api/health/ping [32m200[0m 0.221 ms - 72[0m
[0mGET /api/health/ping [32m200[0m 0.287 ms - 72[0m
[0mGET /api/health/ping [32m200[0m 0.322 ms - 72[0m
[0mGET /api/health/ping [32m200[0m 0.332 ms - 72[0m
[0mGET /api/health/ping [32m200[0m 0.149 ms - 72[0m
[0mGET /api/health/ping [32m200[0m 1.245 ms - 72[0m
[0mGET /api/health/ping [32m200[0m 0.205 ms - 72[0m
[0mGET /api/health/ping [32m200[0m 0.355 ms - 72[0m
[0mGET /api/health/ping [32m200[0m 0.358 ms - 72[0m
[0mGET /api/health/ping [32m200[0m 0.234 ms - 72[0m
[0mGET /api/health/ping [32m200[0m 0.177 ms - 72[0m
[0mGET /api/health/ping [32m200[0m 0.335 ms - 72[0m
[0mGET /api/health/ping [32m200[0m 0.253 ms - 72[0m
[0mGET /api/health/ping [32m200[0m 0.553 ms - 72[0m
[0mGET /api/health/ping [32m200[0m 0.290 ms - 72[0m
[0mGET /api/health/ping [32m200[0m 2.702 ms - 72[0m
[0mGET /api/health/ping [32m200[0m 0.218 ms - 72[0m
[0mGET /api/health/ping [32m200[0m 0.201 ms - 72[0m
[0mGET /api/health/ping [32m200[0m 0.286 ms - 72[0m
[0mGET /api/health/ping [32m200[0m 0.255 ms - 72[0m
[0mGET /api/health/ping [32m200[0m 0.279 ms - 72[0m
[0mGET /api/health/ping [32m200[0m 0.266 ms - 72[0m
[0mGET /api/health/ping [32m200[0m 0.209 ms - 72[0m
[0mGET /api/health/ping [32m200[0m 0.263 ms - 72[0m
[0mGET /api/health/ping [32m200[0m 0.171 ms - 72[0m
[0mGET /api/health/ping [32m200[0m 0.280 ms - 72[0m
[0mGET /api/health/ping [32m200[0m 0.399 ms - 72[0m
[0mGET /api/health/ping [32m200[0m 0.288 ms - 72[0m
[0mGET /api/health/ping [32m200[0m 0.207 ms - 72[0m
[0mGET /api/health/ping [32m200[0m 0.352 ms - 72[0m
[0mGET /api/health/ping [32m200[0m 0.270 ms - 72[0m
[0mGET /api/health/ping [32m200[0m 0.246 ms - 72[0m
[0mGET /api/health/ping [32m200[0m 0.298 ms - 72[0m
[0mGET /api/health/ping [32m200[0m 0.374 ms - 72[0m
[0mGET /api/health/ping [32m200[0m 0.280 ms - 72[0m
[0mGET /api/health/ping [32m200[0m 0.223 ms - 72[0m
[0mGET /api/health/ping [32m200[0m 0.253 ms - 72[0m
[0mGET /api/health/ping [32m200[0m 0.306 ms - 72[0m
[0mGET /api/health/ping [32m200[0m 0.200 ms - 72[0m
[0mGET /api/health/ping [32m200[0m 0.284 ms - 72[0m
[0mGET /api/health/ping [32m200[0m 0.321 ms - 72[0m
[0mGET /api/health/ping [32m200[0m 0.221 ms - 72[0m
[0mGET /api/health/ping [32m200[0m 0.213 ms - 72[0m
[0mGET /api/health/ping [32m200[0m 0.662 ms - 72[0m
[0mGET /api/health/ping [32m200[0m 0.532 ms - 72[0m
[0mGET /api/health/ping [32m200[0m 0.353 ms - 72[0m
[0mGET /api/health/ping [32m200[0m 0.230 ms - 72[0m
[0mGET /api/health/ping [32m200[0m 0.303 ms - 72[0m
[0mGET /api/health/ping [32m200[0m 0.167 ms - 72[0m
[0mGET /api/health/ping [32m200[0m 0.264 ms - 72[0m
[0mGET /api/health/ping [32m200[0m 0.254 ms - 72[0m
[0mGET /api/health/ping [32m200[0m 0.257 ms - 72[0m
[0mGET /api/health/ping [32m200[0m 0.313 ms - 72[0m
[0mGET /api/health/ping [32m200[0m 0.297 ms - 72[0m
[0mGET /api/health/ping [32m200[0m 0.207 ms - 72[0m
[0mGET /api/health/ping [32m200[0m 0.245 ms - 72[0m
[0mGET /api/health/ping [32m200[0m 0.424 ms - 72[0m
[0mGET /api/health/ping [32m200[0m 0.468 ms - 72[0m
[0mGET /api/health/ping [32m200[0m 0.149 ms - 72[0m
[0mGET /api/health/ping [32m200[0m 0.234 ms - 72[0m
[0mGET /api/health/ping [32m200[0m 0.340 ms - 72[0m
[0mGET /api/health/ping [32m200[0m 0.281 ms - 72[0m
[0mGET /api/health/ping [32m200[0m 0.336 ms - 72[0m
[0mGET /api/health/ping [32m200[0m 0.255 ms - 72[0m
[0mGET /api/health/ping [32m200[0m 0.299 ms - 72[0m
[0mGET /api/health/ping [32m200[0m 0.249 ms - 72[0m
[0mGET /api/health/ping [32m200[0m 0.167 ms - 72[0m
[0mGET /api/health/ping [32m200[0m 0.178 ms - 72[0m
[0mGET /api/health/ping [32m200[0m 0.195 ms - 72[0m
[0mGET /api/health/ping [32m200[0m 0.312 ms - 72[0m
[0mGET /api/health/ping [32m200[0m 0.229 ms - 72[0m
[0mGET /api/health/ping [32m200[0m 0.365 ms - 72[0m
[0mGET /api/health/ping [32m200[0m 0.186 ms - 72[0m
[0mGET /api/health/ping [32m200[0m 0.290 ms - 72[0m
[0mGET /api/health/ping [32m200[0m 0.279 ms - 72[0m
[0mGET /api/health/ping [32m200[0m 0.334 ms - 72[0m
[0mGET /api/health/ping [32m200[0m 0.195 ms - 72[0m
[0mGET /api/health/ping [32m200[0m 0.197 ms - 72[0m
[0mGET /api/health/ping [32m200[0m 0.151 ms - 72[0m
[0mGET /api/health/ping [32m200[0m 0.193 ms - 72[0m
[0mGET /api/health/ping [32m200[0m 0.240 ms - 72[0m
[0mGET /api/health/ping [32m200[0m 0.321 ms - 72[0m
[0mGET /api/health/ping [32m200[0m 0.294 ms - 72[0m
[0mGET /api/health/ping [32m200[0m 0.243 ms - 72[0m
[0mGET /api/health/ping [32m200[0m 0.334 ms - 72[0m
[0mGET /api/health/ping [32m200[0m 0.234 ms - 72[0m
[0mGET /api/health/ping [32m200[0m 0.180 ms - 72[0m
[0mGET /api/health/ping [32m200[0m 0.212 ms - 72[0m
[0mGET /api/health/ping [32m200[0m 0.202 ms - 72[0m
[0mGET /api/health/ping [32m200[0m 0.316 ms - 72[0m
[0mGET /api/health/ping [32m200[0m 0.350 ms - 72[0m
[0mGET /api/health/ping [32m200[0m 0.716 ms - 72[0m
[0mGET /api/health/ping [32m200[0m 0.237 ms - 72[0m
[0mGET /api/health/ping [32m200[0m 0.170 ms - 72[0m
[0mGET /api/health/ping [32m200[0m 0.248 ms - 72[0m
[0mGET /api/health/ping [32m200[0m 0.350 ms - 72[0m
[0mGET /api/health/ping [32m200[0m 0.363 ms - 72[0m
[0mGET /api/health/ping [32m200[0m 0.321 ms - 72[0m
[0mGET /api/health/ping [32m200[0m 0.467 ms - 72[0m
[0mGET /api/health/ping [32m200[0m 0.227 ms - 72[0m
[0mGET /api/health/ping [32m200[0m 0.219 ms - 72[0m
[0mGET /api/health/ping [32m200[0m 0.191 ms - 72[0m
[0mGET /api/health/ping [32m200[0m 0.234 ms - 72[0m
[0mGET /api/health/ping [32m200[0m 0.225 ms - 72[0m
[0mGET /api/health/ping [32m200[0m 0.179 ms - 72[0m
[0mGET /api/health/ping [32m200[0m 0.146 ms - 72[0m
[0mGET /api/health/ping [32m200[0m 0.199 ms - 72[0m
[0mGET /api/health/ping [32m200[0m 0.226 ms - 72[0m
[0mGET /api/health/ping [32m200[0m 0.197 ms - 72[0m
[0mGET /api/health/ping [32m200[0m 0.289 ms - 72[0m
[0mGET /api/health/ping [32m200[0m 0.207 ms - 72[0m
[0mGET /api/health/ping [32m200[0m 0.191 ms - 72[0m
[0mGET /api/health/ping [32m200[0m 0.160 ms - 72[0m
[0mGET /api/health/ping [32m200[0m 0.202 ms - 72[0m
[0mGET /api/health/ping [32m200[0m 0.380 ms - 72[0m
[0mGET /api/health/ping [32m200[0m 0.166 ms - 72[0m
[0mGET /api/health/ping [32m200[0m 0.150 ms - 72[0m
[0mGET /api/health/ping [32m200[0m 0.263 ms - 72[0m
[0mGET /api/health/ping [32m200[0m 0.255 ms - 72[0m
[0mGET /api/health/ping [32m200[0m 0.339 ms - 72[0m
[0mGET /api/health/ping [32m200[0m 0.191 ms - 72[0m
[0mGET /api/health/ping [32m200[0m 0.205 ms - 72[0m
[0mGET /api/health/ping [32m200[0m 0.222 ms - 72[0m
[0mGET /api/health/ping [32m200[0m 0.224 ms - 72[0m
[0mGET /api/health/ping [32m200[0m 0.217 ms - 72[0m
[0mGET /api/health/ping [32m200[0m 0.187 ms - 72[0m
[0mGET /api/health/ping [32m200[0m 0.158 ms - 72[0m
[0mGET /api/health/ping [32m200[0m 0.372 ms - 72[0m
[0mGET /api/health/ping [32m200[0m 0.148 ms - 72[0m
[0mGET /api/health/ping [32m200[0m 0.396 ms - 72[0m
[0mGET /api/health/ping [32m200[0m 0.180 ms - 72[0m
[0mGET /api/health/ping [32m200[0m 0.215 ms - 72[0m
[0mGET /api/health/ping [32m200[0m 0.184 ms - 72[0m
[0mGET /api/health/ping [32m200[0m 0.189 ms - 72[0m
[0mGET /api/health/ping [32m200[0m 0.161 ms - 72[0m
[0mGET /api/groups/my [33m401[0m 45.379 ms - 62[0m
[0mGET /api/health/ping [32m200[0m 3.423 ms - 72[0m
[0mGET /api/health/ping [32m200[0m 0.264 ms - 72[0m
[0mGET /api/health/ping [32m200[0m 0.219 ms - 72[0m
[0mGET /api/health/ping [32m200[0m 0.208 ms - 72[0m
[0mGET /api/health/ping [32m200[0m 0.232 ms - 72[0m
[0mGET /api/health/ping [32m200[0m 0.249 ms - 72[0m
[0mGET /api/health/ping [32m200[0m 0.202 ms - 72[0m
[0mGET /api/health/ping [32m200[0m 0.262 ms - 72[0m
[0mGET /api/health/ping [32m200[0m 0.642 ms - 72[0m
[0mGET /api/health/ping [32m200[0m 0.339 ms - 72[0m
[0mGET /api/health/ping [32m200[0m 0.241 ms - 72[0m
[0mGET /api/health/ping [32m200[0m 0.183 ms - 72[0m
[0mGET /api/health/ping [32m200[0m 0.274 ms - 72[0m
[0mGET /api/health/ping [32m200[0m 0.199 ms - 72[0m
[0mGET /api/health/ping [32m200[0m 0.263 ms - 72[0m
[0mGET /api/health/ping [32m200[0m 0.232 ms - 72[0m
[0mGET /api/health/ping [32m200[0m 0.250 ms - 72[0m
[0mGET /api/health/ping [32m200[0m 0.298 ms - 72[0m
[0mGET /api/health/ping [32m200[0m 0.287 ms - 72[0m
[0mGET /api/health/ping [32m200[0m 0.175 ms - 72[0m
[0mGET /api/health/ping [32m200[0m 0.224 ms - 72[0m
[0mGET /api/health/ping [32m200[0m 0.279 ms - 72[0m
[0mGET /api/health/ping [32m200[0m 0.245 ms - 72[0m
[0mGET /api/health/ping [32m200[0m 0.203 ms - 72[0m
[0mGET /api/health/ping [32m200[0m 0.270 ms - 72[0m
[0mGET /api/health/ping [32m200[0m 0.289 ms - 72[0m
[0mGET /api/groups/my [33m401[0m 0.258 ms - 62[0m
[0mGET /api/health/ping [32m200[0m 0.327 ms - 72[0m
[0mGET /api/health/ping [32m200[0m 0.291 ms - 72[0m
[0mGET /api/health/ping [32m200[0m 0.509 ms - 72[0m
[0mGET /api/health/ping [32m200[0m 0.249 ms - 72[0m
[0mGET /api/health/ping [32m200[0m 0.333 ms - 72[0m
[0mGET /api/health/ping [32m200[0m 0.407 ms - 72[0m
[0mGET /api/health/ping [32m200[0m 0.199 ms - 72[0m
[0mGET /api/health/ping [32m200[0m 0.177 ms - 72[0m
[0mGET /api/health/ping [32m200[0m 0.209 ms - 72[0m
[0mGET /api/health/ping [32m200[0m 0.236 ms - 72[0m
[0mGET /api/groups/my [33m401[0m 1.223 ms - 62[0m
[0mGET /api/groups/my [33m401[0m 0.281 ms - 62[0m
[0mGET /api/health/ping [32m200[0m 0.232 ms - 72[0m
[0mGET /api/health/ping [32m200[0m 0.253 ms - 72[0m
[0mGET /api/health/ping [32m200[0m 0.297 ms - 72[0m
[0mGET /api/health/ping [32m200[0m 0.190 ms - 72[0m
[0mGET /api/health/ping [32m200[0m 0.270 ms - 72[0m
[0mGET /api/health/ping [32m200[0m 0.388 ms - 72[0m
[0mGET /api/health/ping [32m200[0m 0.332 ms - 72[0m
[0mGET /api/health/ping [32m200[0m 0.220 ms - 72[0m
[0mGET /api/health/ping [32m200[0m 0.353 ms - 72[0m
[0mGET /api/health/ping [32m200[0m 0.345 ms - 72[0m
[0mGET /api/health/ping [32m200[0m 0.294 ms - 72[0m
[0mGET /api/health/ping [32m200[0m 0.436 ms - 72[0m
[0mGET /api/health/ping [32m200[0m 0.295 ms - 72[0m
[0mGET /api/health/ping [32m200[0m 0.150 ms - 72[0m
[0mGET /api/health/ping [32m200[0m 0.220 ms - 72[0m
[0mGET /api/health/ping [32m200[0m 0.184 ms - 72[0m
[0mGET /api/health/ping [32m200[0m 0.222 ms - 72[0m
[0mGET /api/health/ping [32m200[0m 0.273 ms - 72[0m
[0mGET /api/health/ping [32m200[0m 0.233 ms - 72[0m
[0mGET /api/health/ping [32m200[0m 0.184 ms - 72[0m
[0mGET /api/health/ping [32m200[0m 0.178 ms - 72[0m
[0mGET /api/health/ping [32m200[0m 0.195 ms - 72[0m
[0mGET /api/health/ping [32m200[0m 0.471 ms - 72[0m
[0mGET /api/health/ping [32m200[0m 0.192 ms - 72[0m
[0mGET /api/health/ping [32m200[0m 0.166 ms - 72[0m
[0mGET /api/health/ping [32m200[0m 0.257 ms - 72[0m
[0mGET /api/health/ping [32m200[0m 0.256 ms - 72[0m
[0mGET /api/health/ping [32m200[0m 0.151 ms - 72[0m
[0mGET /api/health/ping [32m200[0m 0.265 ms - 72[0m
[0mGET /api/health/ping [32m200[0m 0.273 ms - 72[0m
[0mGET /api/health/ping [32m200[0m 0.226 ms - 72[0m
[0mGET /api/health/ping [32m200[0m 0.285 ms - 72[0m
[0mGET /api/health/ping [32m200[0m 0.183 ms - 72[0m
[0mGET /api/health/ping [32m200[0m 0.231 ms - 72[0m
[0mGET /api/health/ping [32m200[0m 0.461 ms - 72[0m
[0mGET /api/health/ping [32m200[0m 0.266 ms - 72[0m
[0mGET /api/health/ping [32m200[0m 0.245 ms - 72[0m
[0mGET /api/health/ping [32m200[0m 0.191 ms - 72[0m
[0mGET /api/health/ping [32m200[0m 0.226 ms - 72[0m
[0mGET /api/health/ping [32m200[0m 0.183 ms - 72[0m
[0mGET /api/health/ping [32m200[0m 0.299 ms - 72[0m
[0mGET /api/health/ping [32m200[0m 0.237 ms - 72[0m
[0mGET /api/health/ping [32m200[0m 0.228 ms - 72[0m
[0mGET /api/health/ping [32m200[0m 1.209 ms - 72[0m
[0mGET /api/health/ping [32m200[0m 0.400 ms - 72[0m
[0mGET /api/health/ping [32m200[0m 0.154 ms - 72[0m
[0mGET /api/health/ping [32m200[0m 0.281 ms - 72[0m
[0mGET /api/health/ping [32m200[0m 0.263 ms - 72[0m
[0mGET /api/health/ping [32m200[0m 0.861 ms - 72[0m
[0mGET /api/health/ping [32m200[0m 0.655 ms - 72[0m
[0mGET /api/health/ping [32m200[0m 0.267 ms - 72[0m
[0mGET /api/health/ping [32m200[0m 0.249 ms - 72[0m
[0mGET /api/health/ping [32m200[0m 0.792 ms - 72[0m
[0mGET /api/health/ping [32m200[0m 0.356 ms - 72[0m
[0mGET /api/health/ping [32m200[0m 0.261 ms - 72[0m
[0mGET /api/health/ping [32m200[0m 0.620 ms - 72[0m
[0mGET /api/health/ping [32m200[0m 0.328 ms - 72[0m
[0mGET /api/health/ping [32m200[0m 0.161 ms - 72[0m
[0mGET /api/health/ping [32m200[0m 0.346 ms - 72[0m
[0mGET /api/health/ping [32m200[0m 0.228 ms - 72[0m
[0mGET /api/health/ping [32m200[0m 0.246 ms - 72[0m
[0mGET /api/health/ping [32m200[0m 0.182 ms - 72[0m
[0mGET /api/health/ping [32m200[0m 0.262 ms - 72[0m
[0mGET /api/health/ping [32m200[0m 0.330 ms - 72[0m
[0mGET /api/health/ping [32m200[0m 0.394 ms - 72[0m
[0mGET /api/health/ping [32m200[0m 0.223 ms - 72[0m
[0mGET /api/health/ping [32m200[0m 0.226 ms - 72[0m
[0mGET /api/health/ping [32m200[0m 0.169 ms - 72[0m
[0mGET /api/health/ping [32m200[0m 0.302 ms - 72[0m
[0mGET /api/health/ping [32m200[0m 0.304 ms - 72[0m
[0mGET /api/health/ping [32m200[0m 0.187 ms - 72[0m
[0mGET /api/health/ping [32m200[0m 0.280 ms - 72[0m
[0mGET /api/health/ping [32m200[0m 0.340 ms - 72[0m
[0mGET /api/health/ping [32m200[0m 0.201 ms - 72[0m
[0mGET /api/health/ping [32m200[0m 0.332 ms - 72[0m
[0mGET /api/health/ping [32m200[0m 0.179 ms - 72[0m
[0mGET /api/health/ping [32m200[0m 0.436 ms - 72[0m
[0mGET /api/health/ping [32m200[0m 0.379 ms - 72[0m
[0mGET /api/health/ping [32m200[0m 0.406 ms - 72[0m
[0mGET /api/health/ping [32m200[0m 0.236 ms - 72[0m
[0mGET /api/health/ping [32m200[0m 0.383 ms - 72[0m
[0mGET /api/health/ping [32m200[0m 0.258 ms - 72[0m
[0mGET /api/health/ping [32m200[0m 0.257 ms - 72[0m
[0mGET /api/health/ping [32m200[0m 0.170 ms - 72[0m
[0mGET /api/health/ping [32m200[0m 0.324 ms - 72[0m
[0mGET /api/health/ping [32m200[0m 0.213 ms - 72[0m
[0mGET /api/health/ping [32m200[0m 0.244 ms - 72[0m
[0mGET /api/health/ping [32m200[0m 0.258 ms - 72[0m
[0mGET /api/health/ping [32m200[0m 0.191 ms - 72[0m
[0mGET /api/health/ping [32m200[0m 0.159 ms - 72[0m
[0mGET /api/health/ping [32m200[0m 0.181 ms - 72[0m
[0mGET /api/health/ping [32m200[0m 0.217 ms - 72[0m
[0mGET /api/health/ping [32m200[0m 0.629 ms - 72[0m
[0mGET /api/health/ping [32m200[0m 0.258 ms - 72[0m
[0mGET /api/health/ping [32m200[0m 0.383 ms - 72[0m
[0mGET /api/health/ping [32m200[0m 0.212 ms - 72[0m
[0mGET /api/health/ping [32m200[0m 0.224 ms - 72[0m
[0mGET /api/health/ping [32m200[0m 0.304 ms - 72[0m
[0mGET /api/health/ping [32m200[0m 0.260 ms - 72[0m
[0mGET /api/health/ping [32m200[0m 0.219 ms - 72[0m
[0mGET /api/health/ping [32m200[0m 0.182 ms - 72[0m
[0mGET /api/health/ping [32m200[0m 0.249 ms - 72[0m
[0mGET /api/health/ping [32m200[0m 0.288 ms - 72[0m
[0mGET /api/health/ping [32m200[0m 0.309 ms - 72[0m
[0mGET /api/health/ping [32m200[0m 0.576 ms - 72[0m
[0mGET /api/health/ping [32m200[0m 0.474 ms - 72[0m
[0mGET /api/health/ping [32m200[0m 0.318 ms - 72[0m
[0mGET /api/health/ping [32m200[0m 0.466 ms - 72[0m
[0mGET /api/health/ping [32m200[0m 0.372 ms - 72[0m
[0mGET /api/health/ping [32m200[0m 0.282 ms - 72[0m
[0mGET /api/health/ping [32m200[0m 0.408 ms - 72[0m
[0mGET /api/health/ping [32m200[0m 0.491 ms - 72[0m
[0mGET /api/health/ping [32m200[0m 0.324 ms - 72[0m
[0mGET /api/health/ping [32m200[0m 0.253 ms - 72[0m
[0mGET /api/health/ping [32m200[0m 0.262 ms - 72[0m
[0mGET /api/health/ping [32m200[0m 0.249 ms - 72[0m
[0mGET /api/health/ping [32m200[0m 0.588 ms - 72[0m
[0mGET /api/health/ping [32m200[0m 0.461 ms - 72[0m
[0mGET /api/health/ping [32m200[0m 0.291 ms - 72[0m
[0mGET /api/health/ping [32m200[0m 0.245 ms - 72[0m
[0mGET /api/health/ping [32m200[0m 0.426 ms - 72[0m
[0mGET /api/health/ping [32m200[0m 0.286 ms - 72[0m
[0mGET /api/health/ping [32m200[0m 0.301 ms - 72[0m
[0mGET /api/health/ping [32m200[0m 0.208 ms - 72[0m
[0mGET /api/health/ping [32m200[0m 0.265 ms - 72[0m
[0mGET /api/health/ping [32m200[0m 0.241 ms - 72[0m
[0mGET /api/health/ping [32m200[0m 0.250 ms - 72[0m
[0mGET /api/health/ping [32m200[0m 0.298 ms - 72[0m
[0mGET /api/health/ping [32m200[0m 0.347 ms - 72[0m
[0mGET /api/health/ping [32m200[0m 0.270 ms - 72[0m
[0mGET /api/health/ping [32m200[0m 0.374 ms - 72[0m
[0mGET /api/health/ping [32m200[0m 0.235 ms - 72[0m
[0mGET /api/health/ping [32m200[0m 0.203 ms - 72[0m
[0mGET /api/health/ping [32m200[0m 0.324 ms - 72[0m
[0mGET /api/health/ping [32m200[0m 0.229 ms - 72[0m
[0mGET /api/health/ping [32m200[0m 0.377 ms - 72[0m
[0mGET /api/health/ping [32m200[0m 0.264 ms - 72[0m
[0mGET /api/health/ping [32m200[0m 0.196 ms - 72[0m
[0mGET /api/health/ping [32m200[0m 0.184 ms - 72[0m
[0mGET /api/health/ping [32m200[0m 0.187 ms - 72[0m
[0mGET /api/health/ping [32m200[0m 0.241 ms - 72[0m
[0mGET /api/health/ping [32m200[0m 0.292 ms - 72[0m
[0mGET /api/health/ping [32m200[0m 0.384 ms - 72[0m
[0mGET /api/health/ping [32m200[0m 0.202 ms - 72[0m
[0mGET /api/health/ping [32m200[0m 0.406 ms - 72[0m
[0mGET /api/health/ping [32m200[0m 0.192 ms - 72[0m
[0mGET /api/health/ping [32m200[0m 0.246 ms - 72[0m
[0mGET /api/health/ping [32m200[0m 0.232 ms - 72[0m
[0mGET /api/health/ping [32m200[0m 0.189 ms - 72[0m
[0mGET /api/health/ping [32m200[0m 0.349 ms - 72[0m
[0mGET /api/health/ping [32m200[0m 0.385 ms - 72[0m
[0mGET /api/health/ping [32m200[0m 0.400 ms - 72[0m
[0mGET /api/health/ping [32m200[0m 0.234 ms - 72[0m
[0mGET /api/health/ping [32m200[0m 0.234 ms - 72[0m
[0mGET /api/health/ping [32m200[0m 0.271 ms - 72[0m
[0mGET /api/health/ping [32m200[0m 0.237 ms - 72[0m
[0mGET /api/health/ping [32m200[0m 0.291 ms - 72[0m
[0mGET /api/health/ping [32m200[0m 0.233 ms - 72[0m
[0mGET /api/health/ping [32m200[0m 0.346 ms - 72[0m
[0mGET /api/health/ping [32m200[0m 0.445 ms - 72[0m
[0mGET /api/health/ping [32m200[0m 0.216 ms - 72[0m
[0mGET /api/health/ping [32m200[0m 0.558 ms - 72[0m
[0mGET /api/health/ping [32m200[0m 0.317 ms - 72[0m
[0mGET /api/health/ping [32m200[0m 0.332 ms - 72[0m
[0mGET /api/health/ping [32m200[0m 0.379 ms - 72[0m
[0mGET /api/health/ping [32m200[0m 0.239 ms - 72[0m
[0mGET /api/health/ping [32m200[0m 0.223 ms - 72[0m
[0mGET /api/health/ping [32m200[0m 0.177 ms - 72[0m
[0mGET /api/health/ping [32m200[0m 0.241 ms - 72[0m
[0mGET /api/health/ping [32m200[0m 0.357 ms - 72[0m
[0mGET /api/health/ping [32m200[0m 0.223 ms - 72[0m
[0mGET /api/health/ping [32m200[0m 0.240 ms - 72[0m
[0mGET /api/health/ping [32m200[0m 0.281 ms - 72[0m
[0mGET /api/health/ping [32m200[0m 0.164 ms - 72[0m
[0mGET /api/health/ping [32m200[0m 0.430 ms - 72[0m
[0mGET /api/health/ping [32m200[0m 0.248 ms - 72[0m
[0mGET /api/health/ping [32m200[0m 0.306 ms - 72[0m
[0mGET /api/health/ping [32m200[0m 0.235 ms - 72[0m
[0mGET /api/health/ping [32m200[0m 0.295 ms - 72[0m
[0mGET /api/health/ping [32m200[0m 0.354 ms - 72[0m
[0mGET /api/health/ping [32m200[0m 0.567 ms - 72[0m
[0mGET /api/health/ping [32m200[0m 0.441 ms - 72[0m
[0mGET /api/health/ping [32m200[0m 0.229 ms - 72[0m
[0mGET /api/health/ping [32m200[0m 0.266 ms - 72[0m
[0mGET /api/health/ping [32m200[0m 0.364 ms - 72[0m
[0mGET /api/health/ping [32m200[0m 0.340 ms - 72[0m
[0mGET /api/health/ping [32m200[0m 0.383 ms - 72[0m
[0mGET /api/health/ping [32m200[0m 0.508 ms - 72[0m
[0mGET /api/health/ping [32m200[0m 0.230 ms - 72[0m
[0mGET /api/health/ping [32m200[0m 0.233 ms - 72[0m
[0mGET /api/health/ping [32m200[0m 0.217 ms - 72[0m
[0mGET /api/health/ping [32m200[0m 0.197 ms - 72[0m
[0mGET /api/health/ping [32m200[0m 0.205 ms - 72[0m
[0mGET /api/health/ping [32m200[0m 0.223 ms - 72[0m
[0mGET /api/health/ping [32m200[0m 0.221 ms - 72[0m
[0mGET /api/health/ping [32m200[0m 0.371 ms - 72[0m
[0mGET /api/health/ping [32m200[0m 0.216 ms - 72[0m
[0mGET /api/health/ping [32m200[0m 0.251 ms - 72[0m
[0mGET /api/health/ping [32m200[0m 0.302 ms - 72[0m
[0mGET /api/health/ping [32m200[0m 0.129 ms - 72[0m
[0mGET /api/health/ping [32m200[0m 0.158 ms - 72[0m
[0mGET /api/health/ping [32m200[0m 0.161 ms - 72[0m
[0mGET /api/health/ping [32m200[0m 0.308 ms - 72[0m
[0mGET /api/health/ping [32m200[0m 0.383 ms - 72[0m
[0mGET /api/health/ping [32m200[0m 0.271 ms - 72[0m
[0mGET /api/health/ping [32m200[0m 0.170 ms - 72[0m
[0mGET /api/health/ping [32m200[0m 0.198 ms - 72[0m
[0mGET /api/health/ping [32m200[0m 0.280 ms - 72[0m
[0mGET /api/health/ping [32m200[0m 0.137 ms - 72[0m
[0mGET /api/health/ping [32m200[0m 0.152 ms - 72[0m
[0mGET /api/health/ping [32m200[0m 0.479 ms - 72[0m
[0mGET /api/health/ping [32m200[0m 14.904 ms - 72[0m
[0mGET /api/health/ping [32m200[0m 4.309 ms - 72[0m
[0mGET /api/health/ping [32m200[0m 0.258 ms - 72[0m
[0mGET /api/health/ping [32m200[0m 0.425 ms - 72[0m
[0mGET /api/health/ping [32m200[0m 0.307 ms - 72[0m
[0mGET /api/health/ping [32m200[0m 0.264 ms - 72[0m
[0mGET /api/health/ping [32m200[0m 0.288 ms - 72[0m
[0mGET /api/health/ping [32m200[0m 0.254 ms - 72[0m
[0mGET /api/health/ping [32m200[0m 0.135 ms - 72[0m
[0mGET /api/health/ping [32m200[0m 0.246 ms - 72[0m
[0mGET /api/health/ping [32m200[0m 0.285 ms - 72[0m
[0mGET /api/health/ping [32m200[0m 0.155 ms - 72[0m
[0mGET /api/health/ping [32m200[0m 0.191 ms - 72[0m
[0mGET /api/health/ping [32m200[0m 0.299 ms - 72[0m
[0mGET /api/health/ping [32m200[0m 0.143 ms - 72[0m
